// Jest Snapshot v1, https://goo.gl/fbAQLP

exports[`PageListOfGuardians should render correctly 1`] = `
.emotion-0 {
  box-sizing: border-box;
  margin: 0;
  min-width: 0;
  font-size: 16px;
}

@media screen and (min-width: 40em) {
  .emotion-0 {
    font-size: 20px;
  }
}

.emotion-1 {
  box-sizing: border-box;
  margin: 0;
  min-width: 0;
  margin-left: auto;
  margin-right: auto;
  -webkit-flex-direction: column;
  -ms-flex-direction: column;
  flex-direction: column;
  max-width: 700px;
}

.emotion-2 {
  box-sizing: border-box;
  margin: 0;
  min-width: 0;
  margin-left: -8px;
  -webkit-align-items: center;
  -webkit-box-align: center;
  -ms-flex-align: center;
  align-items: center;
  display: -webkit-box;
  display: -webkit-flex;
  display: -ms-flexbox;
  display: flex;
}

.emotion-3 {
  box-sizing: border-box;
  margin: 0;
  min-width: 0;
  max-width: 100%;
  height: auto;
  margin: 16px;
  margin-right: 4px;
  fill: var(--theme-ui-colors-icon, rgba(0,0,0,0.6));
  -webkit-flex-shrink: 0;
  -ms-flex-negative: 0;
  flex-shrink: 0;
  width: 24px;
  height: 24px;
}

.emotion-4 {
  box-sizing: border-box;
  margin: 0;
  min-width: 0;
  color: var(--theme-ui-colors-text, #37383c);
  font-size: 14px;
  text-rendering: optimizeLegibility;
  line-height: 1.5;
  margin-bottom: 0;
  color: var(--theme-ui-colors-textMediumEmphasis, rgba(0,0,0, 0.60));
}

.emotion-5 {
  box-sizing: border-box;
  margin: 0;
  min-width: 0;
  font-family: Open Sans,-apple-system,BlinkMacSystemFont,San Francisco,Roboto,Segoe UI,Helvetica Neue,sans-serif;
  font-weight: bold;
  line-height: heading;
  color: var(--theme-ui-colors-text, #37383c);
  text-rendering: optimizeLegibility;
  font-size: 24px;
  margin: 16px;
  line-height: 1;
}

.emotion-6 {
  box-sizing: border-box;
  margin: 0;
  min-width: 0;
  padding: 16px;
  padding-bottom: 8px;
  padding-top: 8px;
  display: -webkit-box;
  display: -webkit-flex;
  display: -ms-flexbox;
  display: flex;
}

.emotion-7 {
  box-sizing: border-box;
  margin: 0;
  min-width: 0;
  width: 100%;
  display: -webkit-box;
  display: -webkit-flex;
  display: -ms-flexbox;
  display: flex;
  color: var(--theme-ui-colors-textMediumEmphasis, rgba(0,0,0, 0.60));
  font-family: Open Sans,-apple-system,BlinkMacSystemFont,San Francisco,Roboto,Segoe UI,Helvetica Neue,sans-serif;
  font-size: 14px;
  -webkit-user-select: none;
  -moz-user-select: none;
  -ms-user-select: none;
  user-select: none;
  color: var(--theme-ui-colors-textMediumEmphasis, rgba(0,0,0, 0.60));
  display: -webkit-box;
  display: -webkit-flex;
  display: -ms-flexbox;
  display: flex;
  -webkit-flex-direction: column;
  -ms-flex-direction: column;
  flex-direction: column;
  font-size: 12px;
}

.emotion-8 {
  box-sizing: border-box;
  margin: 0;
  min-width: 0;
  -webkit-align-items: center;
  -webkit-box-align: center;
  -ms-flex-align: center;
  align-items: center;
  display: -webkit-box;
  display: -webkit-flex;
  display: -ms-flexbox;
  display: flex;
}

.emotion-9 {
  box-sizing: border-box;
  margin: 0;
  min-width: 0;
  display: block;
  width: 100%;
  padding: 8px;
  -webkit-appearance: none;
  -moz-appearance: none;
  -ms-appearance: none;
  appearance: none;
  font-size: inherit;
  line-height: inherit;
  border: 1px solid;
  border-radius: 4px;
  color: inherit;
  background-color: transparent;
  border-radius: 6px;
  font-family: Open Sans,-apple-system,BlinkMacSystemFont,San Francisco,Roboto,Segoe UI,Helvetica Neue,sans-serif;
  width: auto;
  border-color: var(--theme-ui-colors-border, rgba(0,0,0,.1));
  background-color: var(--theme-ui-colors-surface, #fff);
  font-size: 16px;
  padding: 12px;
  color: var(--theme-ui-colors-text, #37383c);
  padding-top: 8px;
  padding-bottom: 8px;
  margin-right: 8px;
  background-color: var(--theme-ui-colors-surface, #fff);
  width: 100%;
  font-size: 14px;
}

.emotion-9:hover,
.emotion-9:focus {
  border-color: var(--theme-ui-colors-primary, #00e399);
  outline: none;
}

.emotion-9::-webkit-input-placeholder {
  font-style: italic;
}

.emotion-9::-moz-placeholder {
  font-style: italic;
}

.emotion-9:-ms-input-placeholder {
  font-style: italic;
}

.emotion-9::placeholder {
  font-style: italic;
}

.emotion-9:disabled {
  opacity: 0.68;
  border-color: var(--theme-ui-colors-border, rgba(0,0,0,.1));
  color: var(--theme-ui-colors-textDisabled, rgba(0,0,0, 0.38));
}

.emotion-10 {
  box-sizing: border-box;
  margin: 0;
  min-width: 0;
  -webkit-appearance: none;
  -moz-appearance: none;
  -ms-appearance: none;
  appearance: none;
  display: inline-block;
  text-align: center;
  line-height: inherit;
  -webkit-text-decoration: none;
  text-decoration: none;
  font-size: inherit;
  padding-left: 16px;
  padding-right: 16px;
  padding-top: 8px;
  padding-bottom: 8px;
  color: white;
  background-color: var(--theme-ui-colors-primary, #00e399);
  border: 0;
  border-radius: 4px;
  -webkit-user-select: none;
  -moz-user-select: none;
  -ms-user-select: none;
  user-select: none;
  cursor: pointer;
  box-sizing: border-box;
  font-size: 14px;
  color: var(--theme-ui-colors-textPrimary, #027c5b);
  background-color: var(--theme-ui-colors-surface, #fff);
  border-radius: 6px;
  font-family: Open Sans,-apple-system,BlinkMacSystemFont,San Francisco,Roboto,Segoe UI,Helvetica Neue,sans-serif;
  -webkit-transition: background-color 125ms cubic-bezier(0.0, 0.0, 0.2, 1);
  transition: background-color 125ms cubic-bezier(0.0, 0.0, 0.2, 1);
  padding-top: 8px;
  padding-bottom: 8px;
  padding-left: 16px;
  padding-right: 16px;
  white-space: nowrap;
  display: -webkit-box;
  display: -webkit-flex;
  display: -ms-flexbox;
  display: flex;
  -webkit-align-items: center;
  -webkit-box-align: center;
  -ms-flex-align: center;
  align-items: center;
  -webkit-box-pack: center;
  -ms-flex-pack: center;
  -webkit-justify-content: center;
  justify-content: center;
  touch-action: manipulation;
  box-shadow: none;
  border-color: var(--theme-ui-colors-border, rgba(0,0,0,.1));
  border-style: solid;
  border-width: 1px;
  line-height: 1;
  height: 100%;
}

.emotion-10:disabled {
  opacity: 0.38;
  cursor: auto;
}

.emotion-10:hover,
.emotion-10:focus {
  background-color: var(--theme-ui-colors-primaryLighter, rgba(0,227,153,0.12));
  border-color: var(--theme-ui-colors-primary, #00e399);
  outline: none;
}

.emotion-10:hover:disabled,
.emotion-10:focus:disabled {
  background-color: transparent;
  border-color: var(--theme-ui-colors-border, rgba(0,0,0,.1));
}

.emotion-11 {
  box-sizing: border-box;
  margin: 0;
  min-width: 0;
  max-width: 100%;
  height: auto;
  fill: var(--theme-ui-colors-icon, rgba(0,0,0,0.6));
  -webkit-flex-shrink: 0;
  -ms-flex-negative: 0;
  flex-shrink: 0;
  width: 20px;
  height: 20px;
}

<div>
  <div
    class="emotion-0"
  >
    <div
      class="emotion-1"
    >
      <a
        href="/dashboard/admin"
        style="display: block;"
      >
        <div
          class="emotion-2"
        >
          <div
            class="emotion-3"
          />
          <p
            class="emotion-4"
          >
            Settings
          </p>
        </div>
      </a>
      <h5
        class="emotion-5"
      >
        All Guardians
      </h5>
      <div
        class="emotion-6"
      >
        <label
          class="emotion-7"
        >
          <div
            class="emotion-8"
          >
            <input
              class="emotion-9"
              name="name"
              placeholder="Search"
              value=""
            />
          </div>
        </label>
        <a
          href="/dashboard/admin/guardians/new"
          style="flex-shrink: 0;"
        >
          <button
            class="emotion-10"
            data-cy="addGuardian"
          >
            <div
              class="emotion-11"
            />
          </button>
        </a>
      </div>
    </div>
  </div>
</div>
`;
