// Jest Snapshot v1, https://goo.gl/fbAQLP

exports[`Chatwoot should render correctly 1`] = `
.emotion-0 {
  box-sizing: border-box;
  margin: 0;
  min-width: 0;
  font-size: 16px;
}

@media screen and (min-width: 40em) {
  .emotion-0 {
    font-size: 20px;
  }
}

.emotion-1 {
  box-sizing: border-box;
  margin: 0;
  min-width: 0;
  padding-top: 16px;
  padding-bottom: 16px;
  width: 100$;
  -webkit-align-items: center;
  -webkit-box-align: center;
  -ms-flex-align: center;
  align-items: center;
  -webkit-flex-direction: column;
  -ms-flex-direction: column;
  flex-direction: column;
  display: -webkit-box;
  display: -webkit-flex;
  display: -ms-flexbox;
  display: flex;
}

.emotion-2 {
  box-sizing: border-box;
  margin: 0;
  min-width: 0;
  max-width: 100%;
  height: auto;
  color: var(--theme-ui-colors-textMediumEmphasis, rgba(0,0,0, 0.60));
  fill: transparent;
  -webkit-flex-shrink: 0;
  -ms-flex-negative: 0;
  flex-shrink: 0;
  width: 24px;
  height: 24px;
}

<div>
  <div
    class="emotion-0"
  >
    <div
      class="emotion-1"
    >
      <div
        class="emotion-2"
      />
    </div>
  </div>
</div>
`;
