// Jest Snapshot v1, https://goo.gl/fbAQLP

exports[`ImagePreview should render correctly 1`] = `
.emotion-1 {
  box-sizing: border-box;
  margin: 0;
  min-width: 0;
  font-size: 16px;
}

@media screen and (min-width:40em) {
  .emotion-1 {
    font-size: 20px;
  }
}

.emotion-0 {
  box-sizing: border-box;
  margin: 0;
  min-width: 0;
  max-width: 100%;
  height: auto;
  border-radius: 6px;
}

<div>
  <div
    class="emotion-1"
  >
    <img
      class="emotion-0"
      height="32"
      src=""
      width="32"
    />
  </div>
</div>
`;
