// Jest Snapshot v1, https://goo.gl/fbAQLP

exports[`PageEditStudent should render correctly 1`] = `
@keyframes animation-0 {
  0% {
    background-color: rgba(165,165,165,0.05);
  }

  50% {
    background-color: rgba(165,165,165,0.1);
  }

  100% {
    background-color: rgba(165,165,165,0.05);
  }
}

.emotion-22 {
  box-sizing: border-box;
  margin: 0;
  min-width: 0;
  font-size: 16px;
}

@media screen and (min-width:40em) {
  .emotion-22 {
    font-size: 20px;
  }
}

.emotion-9 {
  box-sizing: border-box;
  margin: 0;
  min-width: 0;
  padding: 8px;
  background-color: var(--theme-ui-colors-surface,#fff);
  border-radius: 8px;
  box-shadow: rgba(0,0,0,0.1) 0px 0px 1px,rgba(0,0,0,0.27) 0px 2px 4px -2px;
  z-index: 5;
  top: auto;
  bottom: 0;
  left: 0;
  position: fixed;
  border-top-style: solid;
  border-top-width: 1px;
  border-top-color: borderSubtle;
  border-radius: 0;
  padding: 0;
  overflow: hidden;
  display: block;
  height: auto;
  width: 100%;
  background-color: var(--theme-ui-colors-surface,#fff);
}

@media screen and (min-width:40em) {
  .emotion-9 {
    top: 0;
    bottom: auto;
  }
}

@supports (-webkit-backdrop-filter:blur(20px)) or (backdrop-filter:blur(20px)) {
  .emotion-9 {
    background-color: var(--theme-ui-colors-surfaceBlurTransparent,rgba(255,255,255,0.6));
    -webkit-backdrop-filter: saturate(180%) blur(20px);
    backdrop-filter: saturate(180%) blur(20px);
    -webkit-transform: translateZ(0);
    -ms-transform: translateZ(0);
    transform: translateZ(0);
    will-change: backdrop-filter;
  }
}

@media screen and (min-width:40em) {
  .emotion-9 {
    display: block;
    height: 100%;
    width: auto;
  }
}

.emotion-8 {
  box-sizing: border-box;
  margin: 0;
  min-width: 0;
  -webkit-flex-direction: row;
  -ms-flex-direction: row;
  flex-direction: row;
  -webkit-box-pack: space-evenly;
  -webkit-justify-content: space-evenly;
  -ms-flex-pack: space-evenly;
  justify-content: space-evenly;
  height: auto;
  padding-bottom: env(safe-area-inset-bottom);
  padding-left: env(safe-area-inset-left);
  display: -webkit-box;
  display: -webkit-flex;
  display: -ms-flexbox;
  display: flex;
}

@media screen and (min-width:40em) {
  .emotion-8 {
    -webkit-flex-direction: column;
    -ms-flex-direction: column;
    flex-direction: column;
    height: 100%;
    padding-bottom: 0;
  }
}

.emotion-0 {
  box-sizing: border-box;
  margin: 0;
  min-width: 0;
  margin-left: auto;
  margin-right: auto;
  margin-top: 16px;
  margin-bottom: 32px;
  display: none;
}

@media screen and (min-width:40em) {
  .emotion-0 {
    display: block;
  }
}

.emotion-3 {
  box-sizing: border-box;
  margin: 0;
  min-width: 0;
  position: relative;
  -webkit-flex-direction: column;
  -ms-flex-direction: column;
  flex-direction: column;
  -webkit-align-items: center;
  -webkit-box-align: center;
  -ms-flex-align: center;
  align-items: center;
  -webkit-box-pack: space-around;
  -webkit-justify-content: space-around;
  -ms-flex-pack: space-around;
  justify-content: space-around;
  height: 48px;
  margin-bottom: 0;
  width: 60px;
  padding-top: 4px;
  padding-bottom: 4px;
  display: -webkit-box;
  display: -webkit-flex;
  display: -ms-flexbox;
  display: flex;
}

.emotion-3:after {
  top: 0;
  right: inherit;
  position: absolute;
  background-color: var(--theme-ui-colors-textPrimary,#027c5b);
  border-radius: 0 0 10px 10px;
  width: 0%;
  height: 2px;
  content: '';
  -webkit-transition: width 100ms cubic-bezier(0.0,0.0,0.2,1);
  transition: width 100ms cubic-bezier(0.0,0.0,0.2,1);
}

@media screen and (min-width:40em) {
  .emotion-3:after {
    top: inherit;
    right: 0;
    border-radius: 10px 0 0 10px;
    width: 2px;
    height: 0%;
  }
}

@media screen and (min-width:40em) {
  .emotion-3 {
    height: 60px;
    margin-bottom: 8px;
    width: 70px;
  }
}

.emotion-1 {
  box-sizing: border-box;
  margin: 0;
  min-width: 0;
  max-width: 100%;
  height: auto;
  fill: var(--theme-ui-colors-textDisabled,rgba(0,0,0,0.38));
  -webkit-flex-shrink: 0;
  -ms-flex-negative: 0;
  flex-shrink: 0;
  margin: 0;
  height: 24px;
  width: 24px;
}

.emotion-2 {
  box-sizing: border-box;
  margin: 0;
  min-width: 0;
  color: rgba(0,0,0,0.88);
  font-size: 1.6rem;
  font-family: Open Sans,-apple-system,BlinkMacSystemFont,San Francisco,Roboto,Segoe UI,Helvetica Neue,sans-serif;
  font-weight: 400;
  line-height: 3rem;
  text-rendering: optimizeLegibility;
  --webkitFontSmoothing: antialiased;
  --mozOsxFontSmoothing: grayscale;
  color: var(--theme-ui-colors-textMediumEmphasis,rgba(0,0,0,0.60));
  font-size: 10px;
  line-height: 1;
  font-weight: normal;
}

@media screen and (min-width:40em) {
  .emotion-2 {
    font-size: 12px;
  }
}

.emotion-4 {
  box-sizing: border-box;
  margin: 0;
  min-width: 0;
  height: 100%;
  display: none;
}

@media screen and (min-width:40em) {
  .emotion-4 {
    display: block;
  }
}

.emotion-21 {
  box-sizing: border-box;
  margin: 0;
  min-width: 0;
  width: 100%;
  padding-left: 0;
  padding-bottom: 48px;
  background-color: var(--theme-ui-colors-background,#F7F8FA);
  margin-bottom: env(safe-area-inset-bottom);
}

@media screen and (min-width:40em) {
  .emotion-21 {
    padding-left: 70px;
    padding-bottom: 0;
  }
}

.emotion-20 {
  box-sizing: border-box;
  margin: 0;
  min-width: 0;
  max-width: 640px;
  margin: auto;
}

.emotion-12 {
  box-sizing: border-box;
  margin: 0;
  min-width: 0;
  -webkit-align-items: center;
  -webkit-box-align: center;
  -ms-flex-align: center;
  align-items: center;
  margin-left: -8px;
  display: -webkit-box;
  display: -webkit-flex;
  display: -ms-flexbox;
  display: flex;
}

.emotion-10 {
  box-sizing: border-box;
  margin: 0;
  min-width: 0;
  max-width: 100%;
  height: auto;
  fill: var(--theme-ui-colors-icon,rgba(0,0,0,0.6));
  -webkit-flex-shrink: 0;
  -ms-flex-negative: 0;
  flex-shrink: 0;
  margin: 16px;
  height: 24px;
  width: 24px;
  margin-right: 4px;
}

.emotion-11 {
  box-sizing: border-box;
  margin: 0;
  min-width: 0;
  color: rgba(0,0,0,0.88);
  font-size: 1.6rem;
  font-family: Open Sans,-apple-system,BlinkMacSystemFont,San Francisco,Roboto,Segoe UI,Helvetica Neue,sans-serif;
  font-weight: 400;
  line-height: 3rem;
  text-rendering: optimizeLegibility;
  --webkitFontSmoothing: antialiased;
  --mozOsxFontSmoothing: grayscale;
  color: var(--theme-ui-colors-textMediumEmphasis,rgba(0,0,0,0.60));
  font-size: 16px;
  margin-bottom: 0;
}

@media screen and (min-width:40em) {
  .emotion-11 {
    font-size: 14px;
  }
}

.emotion-15 {
  box-sizing: border-box;
  margin: 0;
  min-width: 0;
  margin-left: 16px;
  margin-right: 16px;
  margin-top: 16px;
}

.emotion-14 {
  box-sizing: border-box;
  margin: 0;
  min-width: 0;
  padding-top: 24px;
}

.emotion-13 {
  box-sizing: border-box;
  margin: 0;
  min-width: 0;
  border-radius: 8px;
  -webkit-animation: 1s ease-in-out 0s infinite animation-0;
  animation: 1s ease-in-out 0s infinite animation-0;
  width: 100%;
  height: 56px;
}

.emotion-19 {
  box-sizing: border-box;
  margin: 0;
  min-width: 0;
  margin: 16px;
  display: -webkit-box;
  display: -webkit-flex;
  display: -ms-flexbox;
  display: flex;
}

.emotion-16 {
  box-sizing: border-box;
  margin: 0;
  min-width: 0;
  pointer-events: none;
  -webkit-flex: 1;
  -ms-flex: 1;
  flex: 1;
}

.emotion-17 {
  box-sizing: border-box;
  margin: 0;
  min-width: 0;
  -webkit-appearance: none;
  -moz-appearance: none;
  appearance: none;
  display: inline-block;
  text-align: center;
  line-height: inherit;
  -webkit-text-decoration: none;
  text-decoration: none;
  font-size: inherit;
  padding-left: 16px;
  padding-right: 16px;
  padding-top: 8px;
  padding-bottom: 8px;
  color: white;
  background-color: var(--theme-ui-colors-primary,#00e399);
  border: 0;
  border-radius: 4px;
  cursor: pointer;
  text-transform: capitalize;
  box-sizing: border-box;
  font-size: 14px;
  font-weight: bold;
  color: var(--theme-ui-colors-textPrimary,#027c5b);
  background-color: transparent;
  border-radius: 8px;
  font-family: Open Sans,-apple-system,BlinkMacSystemFont,San Francisco,Roboto,Segoe UI,Helvetica Neue,sans-serif;
  -webkit-transition: background-color 125ms cubic-bezier(0.0,0.0,0.2,1);
  transition: background-color 125ms cubic-bezier(0.0,0.0,0.2,1);
  padding-top: 8px;
  padding-bottom: 8px;
  padding-left: 16px;
  padding-right: 16px;
  white-space: nowrap;
  border: 1px solid;
  border-color: var(--theme-ui-colors-border,rgba(0,0,0,.1));
  -webkit-align-items: center;
  -webkit-box-align: center;
  -ms-flex-align: center;
  align-items: center;
  -webkit-box-pack: center;
  -webkit-justify-content: center;
  -ms-flex-pack: center;
  justify-content: center;
  display: -webkit-box;
  display: -webkit-flex;
  display: -ms-flexbox;
  display: flex;
  margin-right: 8px;
  color: var(--theme-ui-colors-danger,#d50000);
}

.emotion-17:disabled {
  opacity: 0.38;
  cursor: auto;
}

.emotion-17:hover,
.emotion-17:focus {
  background-color: var(--theme-ui-colors-primaryLighter,rgba(0,120,86,0.12));
  border-color: var(--theme-ui-colors-primary,#00e399);
  outline: none;
}

.emotion-17:hover:disabled,
.emotion-17:focus:disabled {
  background-color: transparent;
  border-color: var(--theme-ui-colors-border,rgba(0,0,0,.1));
}

.emotion-18 {
  box-sizing: border-box;
  margin: 0;
  min-width: 0;
  -webkit-appearance: none;
  -moz-appearance: none;
  appearance: none;
  display: inline-block;
  text-align: center;
  line-height: inherit;
  -webkit-text-decoration: none;
  text-decoration: none;
  font-size: inherit;
  padding-left: 16px;
  padding-right: 16px;
  padding-top: 8px;
  padding-bottom: 8px;
  color: white;
  background-color: var(--theme-ui-colors-primary,#00e399);
  border: 0;
  border-radius: 4px;
  cursor: pointer;
  text-transform: capitalize;
  box-sizing: border-box;
  font-size: 14px;
  font-weight: bold;
  color: var(--theme-ui-colors-onPrimary,#000);
  background-color: var(--theme-ui-colors-primary,#00e399);
  border-radius: 8px;
  font-family: Open Sans,-apple-system,BlinkMacSystemFont,San Francisco,Roboto,Segoe UI,Helvetica Neue,sans-serif;
  -webkit-transition: background-color 125ms cubic-bezier(0.0,0.0,0.2,1);
  transition: background-color 125ms cubic-bezier(0.0,0.0,0.2,1);
  padding-top: 8px;
  padding-bottom: 8px;
  padding-left: 16px;
  padding-right: 16px;
  white-space: nowrap;
  -webkit-align-items: center;
  -webkit-box-align: center;
  -ms-flex-align: center;
  align-items: center;
  -webkit-box-pack: center;
  -webkit-justify-content: center;
  -ms-flex-pack: center;
  justify-content: center;
  display: -webkit-box;
  display: -webkit-flex;
  display: -ms-flexbox;
  display: flex;
}

.emotion-18:disabled {
  opacity: 0.38;
  cursor: auto;
}

.emotion-18:hover,
.emotion-18:focus {
  background-color: var(--theme-ui-colors-primaryDark,#00a06d);
  outline: none;
}

.emotion-18:hover:disabled,
.emotion-18:focus:disabled {
  background-color: var(--theme-ui-colors-primary,#00e399);
}

<div>
  <div
    class="emotion-22"
  >
    <nav
      class="emotion-9"
    >
      <div
        class="emotion-8"
      >
        <div
          class="emotion-0"
        >
          <div
            class=" gatsby-image-wrapper"
            style="position: relative; overflow: hidden; display: inline-block; width: 40px; height: 40px;"
          >
            <img
              alt=""
              aria-hidden="true"
              src="data:image/png;base64,iVBORw0KGgoAAAANSUhEUgAAABQAAAAUCAYAAACNiR0NAAAACXBIWXMAAAsTAAALEwEAmpwYAAACVUlEQVQ4y3VVu04bQRSdsd1QpeIH6BAFTZooEiUfkM+goI6Ub4BiR8QBQpMCUblEiijzB7sRJlFMEgoaGjrbyJicc++dx9rOSkdzvXPn7D33MXaufJrK+bpKtqurDtAFeoaub/CuKXxWPZ5EQhD0N4h8Hbz7z8M934SOkgY9u0iYyJrQTRt1tQXsAQfAIbAP3+18LvvCdoU0+1GrAyLcAAYgmPvbkxf/57OC9vfwgqguQbBZnmGkjumKzPFriOAt8CgETZjD6QnOYwFtfuT3KffGwG4r0pj/mA+sG8Cj//kJUVRTOMz89VGOcHjE6GYk9jcfSTqVtChZx6Wk1pU3wgEPYnOK98/+1zHtB+ACOAfu+Q5+z0KKSLFe2VmvEeZqbZnEOaMwsq/AelGkV8DA9mYkpgLYb3KU7DP9sceky5fV6SGSIac9HO6Z3xpwR8lU4v+ecX2fc8mGVccDkctkq+wLc+qJFEEiPTa5E38r60muRSY8tMpGwvMWYbTVt79AeFoSRsn7SfJQJN9LznQykmRZmzDyP/rwCROT/KGU3DHCbTatFWZm1RwAa3nkJJdfWkUZSi53yqJoyfXFpUlhA2vbNOGOOROZdTUyMm2bkSj6lkYvNnYR5SYwtgo+SRRsYE4GcdPPjX0tTU6/1+3GztdVzOWutIOOFyKRaZhEiExGpmTvrIftbGjfFMVM8pa5krFD0llJAW3mrIFMiyzfAW3JbtWVJBPApmWfsTVYzViAZd+FW1OLk3KaCrXyQg4pZ+3I3DJp2lSbxF02rKFrfwvL/vb8A8mhJMm8BwH7AAAAAElFTkSuQmCC"
              style="position: absolute; top: 0px; left: 0px; width: 100%; height: 100%; object-fit: cover; object-position: center; opacity: 1; transition-delay: 500ms;"
            />
            <picture>
              <source
                srcset="/static/fe67918dbda465cf53640b9ec939e54c/ff4be/logo-transparent.png 1x,
/static/fe67918dbda465cf53640b9ec939e54c/183c2/logo-transparent.png 1.5x,
/static/fe67918dbda465cf53640b9ec939e54c/829e2/logo-transparent.png 2x"
              />
              <img
                alt=""
                height="40"
                loading="lazy"
                src="/static/fe67918dbda465cf53640b9ec939e54c/ff4be/logo-transparent.png"
                srcset="/static/fe67918dbda465cf53640b9ec939e54c/ff4be/logo-transparent.png 1x,
/static/fe67918dbda465cf53640b9ec939e54c/183c2/logo-transparent.png 1.5x,
/static/fe67918dbda465cf53640b9ec939e54c/829e2/logo-transparent.png 2x"
                style="position: absolute; top: 0px; left: 0px; width: 100%; height: 100%; object-fit: cover; object-position: center; opacity: 0; transition: opacity 500ms;"
                width="40"
              />
            </picture>
            <noscript>
              &lt;picture&gt;&lt;source srcset="/static/fe67918dbda465cf53640b9ec939e54c/ff4be/logo-transparent.png 1x,
/static/fe67918dbda465cf53640b9ec939e54c/183c2/logo-transparent.png 1.5x,
/static/fe67918dbda465cf53640b9ec939e54c/829e2/logo-transparent.png 2x" /&gt;&lt;img loading="lazy" width="40" height="40" srcset="/static/fe67918dbda465cf53640b9ec939e54c/ff4be/logo-transparent.png 1x,
/static/fe67918dbda465cf53640b9ec939e54c/183c2/logo-transparent.png 1.5x,
/static/fe67918dbda465cf53640b9ec939e54c/829e2/logo-transparent.png 2x" src="/static/fe67918dbda465cf53640b9ec939e54c/ff4be/logo-transparent.png" alt="" style="position:absolute;top:0;left:0;opacity:1;width:100%;height:100%;object-fit:cover;object-position:center"/&gt;&lt;/picture&gt;
            </noscript>
          </div>
        </div>
        <a
          href="/dashboard/observe"
          style="outline: none;"
        >
          <div
            class="emotion-3"
          >
            <div
              class="emotion-1"
            />
            <p
              class="emotion-2"
            >
              Observe
            </p>
          </div>
        </a>
        <div
          class="emotion-4"
        />
        <a
          href="/dashboard/settings"
          style="outline: none;"
        >
          <div
            class="emotion-3"
          >
            <div
              class="emotion-1"
            />
            <p
              class="emotion-2"
            >
              Settings
            </p>
          </div>
        </a>
      </div>
    </nav>
    <main
      class="emotion-21"
    >
      <div
        class="emotion-20"
      >
        <a
          href="/dashboard/observe/students/details?id=jkasdfjaksjdfh"
          style="display: block;"
        >
          <div
            class="emotion-12"
          >
            <div
              class="emotion-10"
            />
            <p
              class="emotion-11"
            >
              Details
            </p>
          </div>
        </a>
        <div
          class="emotion-15"
        >
          <div
            class="emotion-14"
          >
            <div
              class="emotion-13"
            />
          </div>
        </div>
        <div
          class="emotion-19"
        >
          <div
            class="emotion-16"
          />
          <button
            class="emotion-17"
          >
            Delete
          </button>
          <button
            class="emotion-18"
          >
            Save
          </button>
        </div>
      </div>
    </main>
  </div>
</div>
`;
