// Jest Snapshot v1, https://goo.gl/fbAQLP

exports[`DraggableListItem should render correctly 1`] = `
.emotion-4 {
  box-sizing: border-box;
  margin: 0;
  min-width: 0;
  font-size: 16px;
}

@media screen and (min-width:40em) {
  .emotion-4 {
    font-size: 20px;
  }
}

.emotion-3 {
  box-sizing: border-box;
  margin: 0;
  min-width: 0;
  background-color: var(--theme-ui-colors-primaryLightest,rgba(0,120,86,0.05));
  height: 48px;
}

.emotion-2 {
  box-sizing: border-box;
  margin: 0;
  min-width: 0;
  background-color: var(--theme-ui-colors-background,#f2f3f5);
  height: 48px;
  -webkit-align-items: center;
  -webkit-box-align: center;
  -ms-flex-align: center;
  align-items: center;
  -webkit-user-select: none;
  -moz-user-select: none;
  -ms-user-select: none;
  user-select: none;
  width: 100%;
  max-width: 640px;
  border-bottom-color: var(--theme-ui-colors-border,rgba(0,0,0,.1));
  border-bottom-width: 1px;
  border-bottom-style: solid;
  -webkit-transition: background-color .1s ease-in,box-shadow .1s ease-in;
  transition: background-color .1s ease-in,box-shadow .1s ease-in;
  position: relative;
  -webkit-transform: translateY(0px);
  -ms-transform: translateY(0px);
  transform: translateY(0px);
  z-index: 1;
  top: 0;
  display: -webkit-box;
  display: -webkit-flex;
  display: -ms-flexbox;
  display: flex;
}

.emotion-1 {
  box-sizing: border-box;
  margin: 0;
  min-width: 0;
  padding-left: 16px;
  padding-right: 16px;
  padding-top: 8px;
  padding-bottom: 8px;
  cursor: move;
}

.emotion-0 {
  box-sizing: border-box;
  margin: 0;
  min-width: 0;
  max-width: 100%;
  height: auto;
  margin: 0;
  width: 20px;
  fill: var(--theme-ui-colors-icon,rgba(0,0,0,0.6));
  -webkit-flex-shrink: 0;
  -ms-flex-negative: 0;
  flex-shrink: 0;
  height: 20px;
}

<div>
  <div
    class="emotion-4"
  >
    <div
      class="emotion-3"
    >
      <div
        class="emotion-2"
      >
        <div
          class="emotion-1"
        >
          <div
            class="emotion-0"
          />
        </div>
      </div>
    </div>
  </div>
</div>
`;
