// Jest Snapshot v1, https://goo.gl/fbAQLP

exports[`PageInviteUser should render correctly 1`] = `
@keyframes animation-0 {
  0% {
    background-color: rgba(165,165,165,0.05);
  }

  50% {
    background-color: rgba(165,165,165,0.1);
  }

  100% {
    background-color: rgba(165,165,165,0.05);
  }
}

.emotion-21 {
  box-sizing: border-box;
  margin: 0;
  min-width: 0;
  font-size: 16px;
}

@media screen and (min-width:40em) {
  .emotion-21 {
    font-size: 20px;
  }
}

.emotion-20 {
  box-sizing: border-box;
  margin: 0;
  min-width: 0;
  margin-left: auto;
  margin-right: auto;
  max-width: 640px;
}

.emotion-2 {
  box-sizing: border-box;
  margin: 0;
  min-width: 0;
  margin-left: -8px;
  -webkit-align-items: center;
  -webkit-box-align: center;
  -ms-flex-align: center;
  align-items: center;
  display: -webkit-box;
  display: -webkit-flex;
  display: -ms-flexbox;
  display: flex;
}

.emotion-0 {
  box-sizing: border-box;
  margin: 0;
  min-width: 0;
  max-width: 100%;
  height: auto;
  margin: 16px;
  margin-right: 4px;
  fill: var(--theme-ui-colors-icon,rgba(0,0,0,0.6));
  -webkit-flex-shrink: 0;
  -ms-flex-negative: 0;
  flex-shrink: 0;
  width: 24px;
  height: 24px;
}

.emotion-1 {
  box-sizing: border-box;
  margin: 0;
  min-width: 0;
  color: var(--theme-ui-colors-text,#37383c);
  font-size: 16px;
  text-rendering: optimizeLegibility;
  line-height: 1.5;
  margin-bottom: 0;
  color: var(--theme-ui-colors-textMediumEmphasis,rgba(0,0,0,0.60));
}

@media screen and (min-width:40em) {
  .emotion-1 {
    font-size: 14px;
  }
}

.emotion-3 {
  box-sizing: border-box;
  margin: 0;
  min-width: 0;
  font-family: Open Sans,-apple-system,BlinkMacSystemFont,San Francisco,Roboto,Segoe UI,Helvetica Neue,sans-serif;
  font-weight: bold;
  line-height: heading;
  color: var(--theme-ui-colors-text,#37383c);
  text-rendering: optimizeLegibility;
  font-size: 20px;
  margin: 16px;
  margin-bottom: 32px;
  line-height: 1;
}

.emotion-9 {
  box-sizing: border-box;
  margin: 0;
  min-width: 0;
  padding-left: 16px;
  padding-right: 16px;
  margin-bottom: 8px;
  display: -webkit-box;
  display: -webkit-flex;
  display: -ms-flexbox;
  display: flex;
}

.emotion-5 {
  box-sizing: border-box;
  margin: 0;
  min-width: 0;
  -webkit-appearance: none;
  -moz-appearance: none;
  appearance: none;
  display: inline-block;
  text-align: center;
  line-height: inherit;
  -webkit-text-decoration: none;
  text-decoration: none;
  font-size: inherit;
  padding-left: 16px;
  padding-right: 16px;
  padding-top: 8px;
  padding-bottom: 8px;
  color: white;
  background-color: var(--theme-ui-colors-primary,#00e399);
  border: 0;
  border-radius: 4px;
  -webkit-user-select: none;
  -moz-user-select: none;
  -ms-user-select: none;
  user-select: none;
  cursor: pointer;
  box-sizing: border-box;
  font-size: 14px;
  color: var(--theme-ui-colors-textPrimary,#027c5b);
  background-color: transparent;
  border-radius: 6px;
  font-family: Open Sans,-apple-system,BlinkMacSystemFont,San Francisco,Roboto,Segoe UI,Helvetica Neue,sans-serif;
  -webkit-transition: background-color 125ms cubic-bezier(0.0,0.0,0.2,1);
  transition: background-color 125ms cubic-bezier(0.0,0.0,0.2,1);
  padding-top: 8px;
  padding-bottom: 8px;
  padding-left: 16px;
  padding-right: 16px;
  white-space: nowrap;
  display: -webkit-box;
  display: -webkit-flex;
  display: -ms-flexbox;
  display: flex;
  -webkit-align-items: center;
  -webkit-box-align: center;
  -ms-flex-align: center;
  align-items: center;
  -webkit-box-pack: center;
  -webkit-justify-content: center;
  -ms-flex-pack: center;
  justify-content: center;
  touch-action: manipulation;
  border: 1px solid;
  border-color: var(--theme-ui-colors-border,rgba(0,0,0,.1));
}

.emotion-5:disabled {
  opacity: 0.38;
  cursor: auto;
}

.emotion-5:hover,
.emotion-5:focus {
  background-color: var(--theme-ui-colors-primaryLighter,rgba(0,120,86,0.12));
  border-color: var(--theme-ui-colors-primary,#00e399);
  outline: none;
}

.emotion-5:hover:disabled,
.emotion-5:focus:disabled {
  background-color: transparent;
  border-color: var(--theme-ui-colors-border,rgba(0,0,0,.1));
}

.emotion-4 {
  box-sizing: border-box;
  margin: 0;
  min-width: 0;
  max-width: 100%;
  height: auto;
  fill: var(--theme-ui-colors-danger,#d50000);
  -webkit-flex-shrink: 0;
  -ms-flex-negative: 0;
  flex-shrink: 0;
  width: 20px;
  height: 20px;
}

.emotion-8 {
  box-sizing: border-box;
  margin: 0;
  min-width: 0;
  width: 100%;
  display: -webkit-box;
  display: -webkit-flex;
  display: -ms-flexbox;
  display: flex;
  color: var(--theme-ui-colors-textMediumEmphasis,rgba(0,0,0,0.60));
  font-family: Open Sans,-apple-system,BlinkMacSystemFont,San Francisco,Roboto,Segoe UI,Helvetica Neue,sans-serif;
  font-size: 14px;
  -webkit-user-select: none;
  -moz-user-select: none;
  -ms-user-select: none;
  user-select: none;
  color: var(--theme-ui-colors-textMediumEmphasis,rgba(0,0,0,0.60));
  display: -webkit-box;
  display: -webkit-flex;
  display: -ms-flexbox;
  display: flex;
  -webkit-flex-direction: column;
  -ms-flex-direction: column;
  flex-direction: column;
}

.emotion-7 {
  box-sizing: border-box;
  margin: 0;
  min-width: 0;
  -webkit-align-items: center;
  -webkit-box-align: center;
  -ms-flex-align: center;
  align-items: center;
  display: -webkit-box;
  display: -webkit-flex;
  display: -ms-flexbox;
  display: flex;
}

.emotion-6 {
  box-sizing: border-box;
  margin: 0;
  min-width: 0;
  display: block;
  width: 100%;
  padding: 8px;
  -webkit-appearance: none;
  -moz-appearance: none;
  appearance: none;
  font-size: inherit;
  line-height: inherit;
  border: 1px solid;
  border-radius: 4px;
  color: inherit;
  background-color: transparent;
  border-radius: 6px;
  font-family: Open Sans,-apple-system,BlinkMacSystemFont,San Francisco,Roboto,Segoe UI,Helvetica Neue,sans-serif;
  width: auto;
  border-color: var(--theme-ui-colors-border,rgba(0,0,0,.1));
  background-color: var(--theme-ui-colors-surface,#fff);
  font-size: 16px;
  padding: 12px;
  color: var(--theme-ui-colors-text,#37383c);
  margin-left: 8px;
  width: 100%;
}

.emotion-6:hover,
.emotion-6:focus {
  border-color: var(--theme-ui-colors-primary,#00e399);
  outline: none;
}

.emotion-6::-webkit-input-placeholder {
  font-style: italic;
}

.emotion-6::-moz-placeholder {
  font-style: italic;
}

.emotion-6:-ms-input-placeholder {
  font-style: italic;
}

.emotion-6::placeholder {
  font-style: italic;
}

.emotion-6:disabled {
  opacity: 0.68;
  border-color: var(--theme-ui-colors-border,rgba(0,0,0,.1));
  color: var(--theme-ui-colors-textDisabled,rgba(0,0,0,0.38));
}

.emotion-13 {
  box-sizing: border-box;
  margin: 0;
  min-width: 0;
  margin-left: 16px;
  margin-right: 16px;
}

.emotion-11 {
  box-sizing: border-box;
  margin: 0;
  min-width: 0;
  -webkit-appearance: none;
  -moz-appearance: none;
  appearance: none;
  display: inline-block;
  text-align: center;
  line-height: inherit;
  -webkit-text-decoration: none;
  text-decoration: none;
  font-size: inherit;
  padding-left: 16px;
  padding-right: 16px;
  padding-top: 8px;
  padding-bottom: 8px;
  color: white;
  background-color: var(--theme-ui-colors-primary,#00e399);
  border: 0;
  border-radius: 4px;
  -webkit-user-select: none;
  -moz-user-select: none;
  -ms-user-select: none;
  user-select: none;
  cursor: pointer;
  box-sizing: border-box;
  font-size: 14px;
  color: var(--theme-ui-colors-textPrimary,#027c5b);
  background-color: transparent;
  border-radius: 6px;
  font-family: Open Sans,-apple-system,BlinkMacSystemFont,San Francisco,Roboto,Segoe UI,Helvetica Neue,sans-serif;
  -webkit-transition: background-color 125ms cubic-bezier(0.0,0.0,0.2,1);
  transition: background-color 125ms cubic-bezier(0.0,0.0,0.2,1);
  padding-top: 8px;
  padding-bottom: 8px;
  padding-left: 16px;
  padding-right: 16px;
  white-space: nowrap;
  display: -webkit-box;
  display: -webkit-flex;
  display: -ms-flexbox;
  display: flex;
  -webkit-align-items: center;
  -webkit-box-align: center;
  -ms-flex-align: center;
  align-items: center;
  -webkit-box-pack: center;
  -webkit-justify-content: center;
  -ms-flex-pack: center;
  justify-content: center;
  touch-action: manipulation;
  border: 1px solid;
  border-color: var(--theme-ui-colors-border,rgba(0,0,0,.1));
  margin-bottom: 16px;
  color: var(--theme-ui-colors-onBackground,rgba(0,0,0,0.87));
  width: 100%;
}

.emotion-11:disabled {
  opacity: 0.38;
  cursor: auto;
}

.emotion-11:hover,
.emotion-11:focus {
  background-color: var(--theme-ui-colors-primaryLighter,rgba(0,120,86,0.12));
  border-color: var(--theme-ui-colors-primary,#00e399);
  outline: none;
}

.emotion-11:hover:disabled,
.emotion-11:focus:disabled {
  background-color: transparent;
  border-color: var(--theme-ui-colors-border,rgba(0,0,0,.1));
}

.emotion-10 {
  box-sizing: border-box;
  margin: 0;
  min-width: 0;
  max-width: 100%;
  height: auto;
  margin-right: 8px;
  fill: var(--theme-ui-colors-textPrimary,#027c5b);
  -webkit-flex-shrink: 0;
  -ms-flex-negative: 0;
  flex-shrink: 0;
  width: 20px;
  height: 20px;
}

.emotion-12 {
  box-sizing: border-box;
  margin: 0;
  min-width: 0;
  -webkit-appearance: none;
  -moz-appearance: none;
  appearance: none;
  display: inline-block;
  text-align: center;
  line-height: inherit;
  -webkit-text-decoration: none;
  text-decoration: none;
  font-size: inherit;
  padding-left: 16px;
  padding-right: 16px;
  padding-top: 8px;
  padding-bottom: 8px;
  color: white;
  background-color: var(--theme-ui-colors-primary,#00e399);
  border: 0;
  border-radius: 4px;
  -webkit-user-select: none;
  -moz-user-select: none;
  -ms-user-select: none;
  user-select: none;
  cursor: pointer;
  box-sizing: border-box;
  font-size: 14px;
  color: var(--theme-ui-colors-onPrimary,#000);
  background-color: var(--theme-ui-colors-primary,#00e399);
  border-radius: 6px;
  font-family: Open Sans,-apple-system,BlinkMacSystemFont,San Francisco,Roboto,Segoe UI,Helvetica Neue,sans-serif;
  -webkit-transition: background-color 125ms cubic-bezier(0.0,0.0,0.2,1);
  transition: background-color 125ms cubic-bezier(0.0,0.0,0.2,1);
  padding-top: 8px;
  padding-bottom: 8px;
  padding-left: 16px;
  padding-right: 16px;
  white-space: nowrap;
  display: -webkit-box;
  display: -webkit-flex;
  display: -ms-flexbox;
  display: flex;
  -webkit-align-items: center;
  -webkit-box-align: center;
  -ms-flex-align: center;
  align-items: center;
  -webkit-box-pack: center;
  -webkit-justify-content: center;
  -ms-flex-pack: center;
  justify-content: center;
  touch-action: manipulation;
  width: 100%;
}

.emotion-12:disabled {
  opacity: 0.38;
  cursor: auto;
}

.emotion-12:hover,
.emotion-12:focus {
  background-color: var(--theme-ui-colors-primaryDark,#00a06d);
  outline: none;
}

.emotion-12:hover:disabled,
.emotion-12:focus:disabled {
  background-color: var(--theme-ui-colors-primary,#00e399);
}

.emotion-14 {
  box-sizing: border-box;
  margin: 0;
  min-width: 0;
  color: var(--theme-ui-colors-text,#37383c);
  font-size: 16px;
  text-rendering: optimizeLegibility;
  line-height: 1.5;
  margin-top: 16px;
  margin-bottom: 16px;
  text-align: center;
}

@media screen and (min-width:40em) {
  .emotion-14 {
    font-size: 14px;
  }
}

.emotion-19 {
  box-sizing: border-box;
  margin: 0;
  min-width: 0;
  margin: 16px;
  padding: 16px;
  background-color: var(--theme-ui-colors-surface,#fff);
  border-radius: 6px;
  -webkit-align-items: center;
  -webkit-box-align: center;
  -ms-flex-align: center;
  align-items: center;
  border-style: solid;
  border-color: var(--theme-ui-colors-border,rgba(0,0,0,.1));
  border-width: 1px;
}

.emotion-15 {
  box-sizing: border-box;
  margin: 0;
  min-width: 0;
  color: var(--theme-ui-colors-text,#37383c);
  font-size: 16px;
  text-rendering: optimizeLegibility;
  line-height: 1.5;
  color: var(--theme-ui-colors-textMediumEmphasis,rgba(0,0,0,0.60));
}

@media screen and (min-width:40em) {
  .emotion-15 {
    font-size: 14px;
  }
}

.emotion-16 {
  box-sizing: border-box;
  margin: 0;
  min-width: 0;
  color: var(--theme-ui-colors-text,#37383c);
  font-size: 16px;
  text-rendering: optimizeLegibility;
  line-height: 1.5;
  margin-bottom: 16px;
}

@media screen and (min-width:40em) {
  .emotion-16 {
    font-size: 14px;
  }
}

.emotion-17 {
  box-sizing: border-box;
  margin: 0;
  min-width: 0;
  border-radius: 6px;
  -webkit-animation: 1s ease-in-out 0s infinite animation-0;
  animation: 1s ease-in-out 0s infinite animation-0;
  width: 100%;
  height: 60px;
}

.emotion-18 {
  box-sizing: border-box;
  margin: 0;
  min-width: 0;
  color: var(--theme-ui-colors-text,#37383c);
  font-size: 16px;
  text-rendering: optimizeLegibility;
  line-height: 1.5;
  width: 100%;
}

@media screen and (min-width:40em) {
  .emotion-18 {
    font-size: 14px;
  }
}

<div>
  <div
    class="emotion-21"
  >
    <div
      class="emotion-20"
    >
      <a
        href="/dashboard/admin"
        style="display: block;"
      >
        <div
          class="emotion-2"
        >
          <div
            class="emotion-0"
          />
          <p
            class="emotion-1"
          >
            Admin / Invite
          </p>
        </div>
      </a>
      <h6
        class="emotion-3"
      >
        Invite using emails
      </h6>
      <div
        class="emotion-9"
      >
        <button
          class="emotion-5"
        >
          <div
            class="emotion-4"
          />
        </button>
        <label
          class="emotion-8"
        >
          <div
            class="emotion-7"
          >
            <input
              class="emotion-6"
              name="email"
              placeholder="Email address"
              value=""
            />
          </div>
        </label>
      </div>
      <div
        class="emotion-13"
      >
        <button
          class="emotion-11"
        >
          <div
            class="emotion-10"
          />
          Add more email
        </button>
        <button
          class="emotion-12"
        >
          Send invites
        </button>
      </div>
      <p
        class="emotion-14"
      >
        Or
      </p>
      <div
        class="emotion-19"
      >
        <p
          class="emotion-15"
          font-size="1"
        >
          Invite using link
        </p>
        <p
          class="emotion-16"
        >
          Share this link to your co-workers. Once they register using it, they'll have access to 
          .
        </p>
        <div
          class="emotion-17"
        />
        <p
          class="emotion-18"
        />
      </div>
    </div>
  </div>
</div>
`;
