// Jest Snapshot v1, https://goo.gl/fbAQLP

exports[`PageNewClass should render correctly 1`] = `
.emotion-37 {
  box-sizing: border-box;
  margin: 0;
  min-width: 0;
  font-size: 16px;
}

@media screen and (min-width:40em) {
  .emotion-37 {
    font-size: 20px;
  }
}

.emotion-36 {
  box-sizing: border-box;
  margin: 0;
  min-width: 0;
  max-width: 640px;
  margin: auto;
}

.emotion-2 {
  box-sizing: border-box;
  margin: 0;
  min-width: 0;
  -webkit-align-items: center;
  -webkit-box-align: center;
  -ms-flex-align: center;
  align-items: center;
  margin-left: -8px;
  display: -webkit-box;
  display: -webkit-flex;
  display: -ms-flexbox;
  display: flex;
}

.emotion-0 {
  box-sizing: border-box;
  margin: 0;
  min-width: 0;
  max-width: 100%;
  height: auto;
  fill: var(--theme-ui-colors-icon,rgba(0,0,0,0.6));
  -webkit-flex-shrink: 0;
  -ms-flex-negative: 0;
  flex-shrink: 0;
  margin: 16px;
  height: 24px;
  width: 24px;
  margin-right: 4px;
}

.emotion-1 {
  box-sizing: border-box;
  margin: 0;
  min-width: 0;
  color: rgba(0,0,0,0.88);
  font-size: 1.6rem;
  font-family: Open Sans,-apple-system,BlinkMacSystemFont,San Francisco,Roboto,Segoe UI,Helvetica Neue,sans-serif;
  font-weight: 400;
  line-height: 3rem;
  color: var(--theme-ui-colors-textMediumEmphasis,rgba(0,0,0,0.60));
  font-size: 16px;
  margin-bottom: 0;
}

@media screen and (min-width:40em) {
  .emotion-1 {
    font-size: 14px;
  }
}

.emotion-3 {
  box-sizing: border-box;
  margin: 0;
  min-width: 0;
  font-size: 24px;
  font-family: Open Sans,-apple-system,BlinkMacSystemFont,San Francisco,Roboto,Segoe UI,Helvetica Neue,sans-serif;
  font-weight: 300;
  line-height: heading;
  font-size: 2.5rem;
  line-height: 3rem;
  -webkit-letter-spacing: 0;
  -moz-letter-spacing: 0;
  -ms-letter-spacing: 0;
  letter-spacing: 0;
  color: var(--theme-ui-colors-text,rgba(0,0,0,0.87));
  margin: 16px;
}

.emotion-35 {
  box-sizing: border-box;
  margin: 0;
  min-width: 0;
  margin: 16px;
}

.emotion-7 {
  box-sizing: border-box;
  margin: 0;
  min-width: 0;
  width: 100%;
  color: var(--theme-ui-colors-textMediumEmphasis,rgba(0,0,0,0.60));
  as: label;
  font-family: Open Sans,-apple-system,BlinkMacSystemFont,San Francisco,Roboto,Segoe UI,Helvetica Neue,sans-serif;
  font-size: 14px;
  -webkit-user-select: none;
  -moz-user-select: none;
  -ms-user-select: none;
  user-select: none;
  -webkit-flex-direction: column;
  -ms-flex-direction: column;
  flex-direction: column;
  display: -webkit-box;
  display: -webkit-flex;
  display: -ms-flexbox;
  display: flex;
  color: var(--theme-ui-colors-textMediumEmphasis,rgba(0,0,0,0.60));
  margin-bottom: 16px;
  display: -webkit-box;
  display: -webkit-flex;
  display: -ms-flexbox;
  display: flex;
}

.emotion-4 {
  box-sizing: border-box;
  margin: 0;
  min-width: 0;
  padding-bottom: 4px;
}

.emotion-6 {
  box-sizing: border-box;
  margin: 0;
  min-width: 0;
  -webkit-align-items: center;
  -webkit-box-align: center;
  -ms-flex-align: center;
  align-items: center;
  display: -webkit-box;
  display: -webkit-flex;
  display: -ms-flexbox;
  display: flex;
}

.emotion-5 {
  box-sizing: border-box;
  margin: 0;
  min-width: 0;
  display: block;
  width: 100%;
  padding: 8px;
  -webkit-appearance: none;
  -moz-appearance: none;
  appearance: none;
  font-size: inherit;
  line-height: inherit;
  border: 1px solid;
  border-radius: 8px;
  color: inherit;
  background-color: transparent;
  font-family: Open Sans,-apple-system,BlinkMacSystemFont,San Francisco,Roboto,Segoe UI,Helvetica Neue,sans-serif;
  width: auto;
  border-color: var(--theme-ui-colors-border,rgba(0,0,0,.1));
  background-color: var(--theme-ui-colors-surface,#fff);
  font-size: 16px;
  padding: 12px;
  color: var(--theme-ui-colors-text,rgba(0,0,0,0.87));
  width: 100%;
}

.emotion-5:hover,
.emotion-5:focus {
  border-color: var(--theme-ui-colors-primary,#00e399);
  outline: none;
}

.emotion-5::-webkit-input-placeholder {
  font-style: italic;
}

.emotion-5::-moz-placeholder {
  font-style: italic;
}

.emotion-5:-ms-input-placeholder {
  font-style: italic;
}

.emotion-5::placeholder {
  font-style: italic;
}

.emotion-5:disabled {
  opacity: 0.68;
  border-color: var(--theme-ui-colors-border,rgba(0,0,0,.1));
  color: var(--theme-ui-colors-textDisabled,rgba(0,0,0,0.38));
}

.emotion-16 {
  box-sizing: border-box;
  margin: 0;
  min-width: 0;
  display: -webkit-box;
  display: -webkit-flex;
  display: -ms-flexbox;
  display: flex;
}

.emotion-11 {
  box-sizing: border-box;
  margin: 0;
  min-width: 0;
  width: 100%;
  color: var(--theme-ui-colors-textMediumEmphasis,rgba(0,0,0,0.60));
  as: label;
  font-family: Open Sans,-apple-system,BlinkMacSystemFont,San Francisco,Roboto,Segoe UI,Helvetica Neue,sans-serif;
  font-size: 14px;
  -webkit-user-select: none;
  -moz-user-select: none;
  -ms-user-select: none;
  user-select: none;
  -webkit-flex-direction: column;
  -ms-flex-direction: column;
  flex-direction: column;
  display: -webkit-box;
  display: -webkit-flex;
  display: -ms-flexbox;
  display: flex;
  color: var(--theme-ui-colors-textMediumEmphasis,rgba(0,0,0,0.60));
  margin-bottom: 16px;
  margin-right: 16px;
  display: -webkit-box;
  display: -webkit-flex;
  display: -ms-flexbox;
  display: flex;
}

.emotion-17 {
  box-sizing: border-box;
  margin: 0;
  min-width: 0;
  color: rgba(0,0,0,0.88);
  font-size: 1.6rem;
  font-family: Open Sans,-apple-system,BlinkMacSystemFont,San Francisco,Roboto,Segoe UI,Helvetica Neue,sans-serif;
  font-weight: 400;
  line-height: 3rem;
  color: var(--theme-ui-colors-textMediumEmphasis,rgba(0,0,0,0.60));
  font-size: 16px;
  margin-bottom: 8px;
}

@media screen and (min-width:40em) {
  .emotion-17 {
    font-size: 14px;
  }
}

.emotion-32 {
  box-sizing: border-box;
  margin: 0;
  min-width: 0;
  margin-bottom: 16px;
  -webkit-flex-wrap: wrap;
  -ms-flex-wrap: wrap;
  flex-wrap: wrap;
  display: -webkit-box;
  display: -webkit-flex;
  display: -ms-flexbox;
  display: flex;
}

.emotion-19 {
  box-sizing: border-box;
  margin: 0;
  min-width: 0;
  -webkit-user-select: none;
  -moz-user-select: none;
  -ms-user-select: none;
  user-select: none;
  cursor: pointer;
  border-radius: 8px;
  border-color: var(--theme-ui-colors-border,rgba(0,0,0,.1));
  border-width: 1px;
  border-style: solid;
  white-space: nowrap;
  background-color: var(--theme-ui-colors-surface,#fff);
  margin-right: 8px;
  margin-bottom: 8px;
  padding-left: 8px;
  padding-right: 8px;
}

.emotion-19:hover {
  background-color: var(--theme-ui-colors-primaryLightest,rgba(0,120,86,0.05));
}

.emotion-18 {
  box-sizing: border-box;
  margin: 0;
  min-width: 0;
  color: rgba(0,0,0,0.88);
  font-size: 1.6rem;
  font-family: Open Sans,-apple-system,BlinkMacSystemFont,San Francisco,Roboto,Segoe UI,Helvetica Neue,sans-serif;
  font-weight: 400;
  line-height: 3rem;
  color: var(--theme-ui-colors-text,rgba(0,0,0,0.87));
  font-size: 14px;
}

.emotion-33 {
  box-sizing: border-box;
  margin: 0;
  min-width: 0;
  -webkit-appearance: none;
  -moz-appearance: none;
  appearance: none;
  display: inline-block;
  text-align: center;
  line-height: inherit;
  -webkit-text-decoration: none;
  text-decoration: none;
  font-size: inherit;
  padding-left: 16px;
  padding-right: 16px;
  padding-top: 8px;
  padding-bottom: 8px;
  color: white;
  background-color: var(--theme-ui-colors-primary,#00e399);
  border: 0;
  border-radius: 4px;
  cursor: pointer;
  text-transform: capitalize;
  box-sizing: border-box;
  font-size: 14px;
  font-weight: bold;
  color: var(--theme-ui-colors-onPrimary,#000);
  background-color: var(--theme-ui-colors-primary,#00e399);
  border-radius: 8px;
  font-family: Open Sans,-apple-system,BlinkMacSystemFont,San Francisco,Roboto,Segoe UI,Helvetica Neue,sans-serif;
  -webkit-transition: background-color 125ms cubic-bezier(0.0,0.0,0.2,1);
  transition: background-color 125ms cubic-bezier(0.0,0.0,0.2,1);
  padding-top: 8px;
  padding-bottom: 8px;
  padding-left: 16px;
  padding-right: 16px;
  white-space: nowrap;
  -webkit-align-items: center;
  -webkit-box-align: center;
  -ms-flex-align: center;
  align-items: center;
  -webkit-box-pack: center;
  -webkit-justify-content: center;
  -ms-flex-pack: center;
  justify-content: center;
  display: -webkit-box;
  display: -webkit-flex;
  display: -ms-flexbox;
  display: flex;
  width: 100%;
}

.emotion-33:disabled {
  opacity: 0.38;
  cursor: auto;
}

.emotion-33:hover,
.emotion-33:focus {
  background-color: var(--theme-ui-colors-primaryDark,#00a06d);
  outline: none;
}

.emotion-33:hover:disabled,
.emotion-33:focus:disabled {
  background-color: var(--theme-ui-colors-primary,#00e399);
}

.emotion-34 {
  box-sizing: border-box;
  margin: 0;
  min-width: 0;
  color: rgba(0,0,0,0.88);
  font-size: 1.6rem;
  font-family: Open Sans,-apple-system,BlinkMacSystemFont,San Francisco,Roboto,Segoe UI,Helvetica Neue,sans-serif;
  font-weight: 400;
  line-height: 3rem;
  color: var(--theme-ui-colors-error,#d50000);
  font-size: 16px;
  text-align: center;
  margin: 16px;
}

@media screen and (min-width:40em) {
  .emotion-34 {
    font-size: 14px;
  }
}

<div>
  <div
    class="emotion-37"
  >
    <div
      class="emotion-36"
    >
      <a
        href="/dashboard/settings/class"
      >
        <div
          class="emotion-2"
        >
          <div
            class="emotion-0"
          />
          <p
            class="emotion-1"
          >
            Class
          </p>
        </div>
      </a>
      <h5
        class="emotion-3"
      >
        New Class
      </h5>
      <div
        class="emotion-35"
      >
        <label
          class="emotion-7"
        >
          <div
            class="emotion-4"
          >
            Name
          </div>
          <div
            class="emotion-6"
          >
            <input
              class="emotion-5"
              value=""
            />
          </div>
        </label>
        <div
          class="emotion-16"
        >
          <label
            class="emotion-11"
          >
            <div
              class="emotion-4"
            >
              Start Time
            </div>
            <div
              class="emotion-6"
            >
              <input
                class="emotion-5"
                type="time"
                value="09:00"
              />
            </div>
          </label>
          <label
            class="emotion-7"
          >
            <div
              class="emotion-4"
            >
              End Time
            </div>
            <div
              class="emotion-6"
            >
              <input
                class="emotion-5"
                type="time"
                value="10:00"
              />
            </div>
          </label>
        </div>
        <p
          class="emotion-17"
        >
          Available every
        </p>
        <div
          class="emotion-32"
        >
          <div
            class="emotion-19"
          >
            <p
              class="emotion-18"
            >
              Sunday
            </p>
          </div>
          <div
            class="emotion-19"
          >
            <p
              class="emotion-18"
            >
              Monday
            </p>
          </div>
          <div
            class="emotion-19"
          >
            <p
              class="emotion-18"
            >
              Tuesday
            </p>
          </div>
          <div
            class="emotion-19"
          >
            <p
              class="emotion-18"
            >
              Wednesday
            </p>
          </div>
          <div
            class="emotion-19"
          >
            <p
              class="emotion-18"
            >
              Thursday
            </p>
          </div>
          <div
            class="emotion-19"
          >
            <p
              class="emotion-18"
            >
              Friday
            </p>
          </div>
          <div
            class="emotion-19"
          >
            <p
              class="emotion-18"
            >
              Saturday
            </p>
          </div>
        </div>
        <button
          class="emotion-33"
          disabled=""
        >
          Save
        </button>
        <p
          class="emotion-34"
        />
      </div>
    </div>
  </div>
</div>
`;
