// Jest Snapshot v1, https://goo.gl/fbAQLP

exports[`InformationalCard should render correctly 1`] = `
.emotion-8 {
  box-sizing: border-box;
  margin: 0;
  min-width: 0;
  font-size: 16px;
}

@media screen and (min-width:40em) {
  .emotion-8 {
    font-size: 20px;
  }
}

.emotion-7 {
  box-sizing: border-box;
  margin: 0;
  min-width: 0;
  border-width: 1px;
  border-color: var(--theme-ui-colors-warning,#ff6d00);
  border-radius: 0;
  padding: 16px;
  margin-top: 16px;
  background-color: var(--theme-ui-colors-tintWarning,rgba(255,199,1,0.2));
}

@media screen and (min-width:40em) {
  .emotion-7 {
    border-radius: 8px;
  }
}

.emotion-2 {
  box-sizing: border-box;
  margin: 0;
  min-width: 0;
  -webkit-align-items: center;
  -webkit-box-align: center;
  -ms-flex-align: center;
  align-items: center;
  display: -webkit-box;
  display: -webkit-flex;
  display: -ms-flexbox;
  display: flex;
}

.emotion-0 {
  box-sizing: border-box;
  margin: 0;
  min-width: 0;
  max-width: 100%;
  height: auto;
  fill: var(--theme-ui-colors-warning,#ff6d00);
  -webkit-flex-shrink: 0;
  -ms-flex-negative: 0;
  flex-shrink: 0;
  margin: 0;
  height: 20px;
  width: 20px;
}

.emotion-1 {
  box-sizing: border-box;
  margin: 0;
  min-width: 0;
  color: rgba(0,0,0,0.88);
  font-size: 1.6rem;
  font-family: Open Sans,-apple-system,BlinkMacSystemFont,San Francisco,Roboto,Segoe UI,Helvetica Neue,sans-serif;
  font-weight: 400;
  line-height: 3rem;
  color: var(--theme-ui-colors-warning,#ff6d00);
  font-size: 14px;
  margin-left: 8px;
}

.emotion-3 {
  box-sizing: border-box;
  margin: 0;
  min-width: 0;
  color: rgba(0,0,0,0.88);
  font-size: 1.6rem;
  font-family: Open Sans,-apple-system,BlinkMacSystemFont,San Francisco,Roboto,Segoe UI,Helvetica Neue,sans-serif;
  font-weight: 400;
  line-height: 3rem;
  color: var(--theme-ui-colors-text,rgba(0,0,0,0.87));
  font-size: 14px;
  padding-bottom: 8px;
}

.emotion-6 {
  box-sizing: border-box;
  margin: 0;
  min-width: 0;
  display: -webkit-box;
  display: -webkit-flex;
  display: -ms-flexbox;
  display: flex;
}

.emotion-4 {
  box-sizing: border-box;
  margin: 0;
  min-width: 0;
  pointer-events: none;
  -webkit-flex: 1;
  -ms-flex: 1;
  flex: 1;
}

.emotion-5 {
  box-sizing: border-box;
  margin: 0;
  min-width: 0;
  -webkit-appearance: none;
  -moz-appearance: none;
  appearance: none;
  display: inline-block;
  text-align: center;
  line-height: inherit;
  -webkit-text-decoration: none;
  text-decoration: none;
  font-size: inherit;
  padding-left: 16px;
  padding-right: 16px;
  padding-top: 8px;
  padding-bottom: 8px;
  color: white;
  background-color: var(--theme-ui-colors-primary,#00e399);
  border: 0;
  border-radius: 4px;
  cursor: pointer;
  text-transform: capitalize;
  box-sizing: border-box;
  font-size: 14px;
  font-weight: bold;
  color: var(--theme-ui-colors-textPrimary,#027c5b);
  background-color: transparent;
  border-radius: 8px;
  font-family: Open Sans,-apple-system,BlinkMacSystemFont,San Francisco,Roboto,Segoe UI,Helvetica Neue,sans-serif;
  -webkit-transition: background-color 125ms cubic-bezier(0.0,0.0,0.2,1);
  transition: background-color 125ms cubic-bezier(0.0,0.0,0.2,1);
  padding-top: 8px;
  padding-bottom: 8px;
  padding-left: 16px;
  padding-right: 16px;
  white-space: nowrap;
  border: 1px solid;
  border-color: var(--theme-ui-colors-border,rgba(0,0,0,.1));
  -webkit-align-items: center;
  -webkit-box-align: center;
  -ms-flex-align: center;
  align-items: center;
  -webkit-box-pack: center;
  -webkit-justify-content: center;
  -ms-flex-pack: center;
  justify-content: center;
  display: -webkit-box;
  display: -webkit-flex;
  display: -ms-flexbox;
  display: flex;
  color: var(--theme-ui-colors-warning,#ff6d00);
  font-size: 12px;
}

.emotion-5:disabled {
  opacity: 0.38;
  cursor: auto;
}

.emotion-5:hover,
.emotion-5:focus {
  background-color: var(--theme-ui-colors-primaryLighter,rgba(0,120,86,0.12));
  border-color: var(--theme-ui-colors-primary,#00e399);
  outline: none;
}

.emotion-5:hover:disabled,
.emotion-5:focus:disabled {
  background-color: transparent;
  border-color: var(--theme-ui-colors-border,rgba(0,0,0,.1));
}

<div>
  <div
    class="emotion-8"
  >
    <div
      class="emotion-7"
    >
      <div
        class="emotion-2"
      >
        <div
          class="emotion-0"
        />
        <p
          class="emotion-1"
        >
          Info
        </p>
      </div>
      <p
        class="emotion-3"
      >
        This is very useful do this.
      </p>
      <div
        class="emotion-6"
      >
        <div
          class="emotion-4"
        />
        <a
          aria-current="page"
          class=""
          href="/"
        >
          <button
            class="emotion-5"
          >
            A button
          </button>
        </a>
      </div>
    </div>
  </div>
</div>
`;
