// Jest Snapshot v1, https://goo.gl/fbAQLP

exports[`FloatingActionButton should render correctly 1`] = `
.emotion-1 {
  box-sizing: border-box;
  margin: 0;
  min-width: 0;
  font-size: 16px;
}

@media screen and (min-width:40em) {
  .emotion-1 {
    font-size: 20px;
  }
}

.emotion-0 {
  box-sizing: border-box;
  margin: 0;
  min-width: 0;
  -webkit-appearance: none;
  -moz-appearance: none;
  appearance: none;
  display: inline-block;
  text-align: center;
  line-height: inherit;
  -webkit-text-decoration: none;
  text-decoration: none;
  font-size: inherit;
  padding-left: 16px;
  padding-right: 16px;
  padding-top: 8px;
  padding-bottom: 8px;
  color: white;
  background-color: var(--theme-ui-colors-primary,#00e399);
  border: 0;
  border-radius: 4px;
  cursor: pointer;
  text-transform: capitalize;
  box-sizing: border-box;
  font-size: 14px;
  font-weight: bold;
  color: var(--theme-ui-colors-onPrimary,#000);
  background-color: var(--theme-ui-colors-primary,#00e399);
  border-radius: 8px;
  font-family: Open Sans,-apple-system,BlinkMacSystemFont,San Francisco,Roboto,Segoe UI,Helvetica Neue,sans-serif;
  -webkit-transition: background-color 125ms cubic-bezier(0.0,0.0,0.2,1);
  transition: background-color 125ms cubic-bezier(0.0,0.0,0.2,1);
  padding-top: 8px;
  padding-bottom: 8px;
  padding-left: 16px;
  padding-right: 16px;
  white-space: nowrap;
  display: -webkit-box;
  display: -webkit-flex;
  display: -ms-flexbox;
  display: flex;
  -webkit-align-items: center;
  -webkit-box-align: center;
  -ms-flex-align: center;
  align-items: center;
  -webkit-box-pack: center;
  -webkit-justify-content: center;
  -ms-flex-pack: center;
  justify-content: center;
  margin: 16px;
  min-width: 50px;
  min-height: 50px;
  display: -webkit-box;
  display: -webkit-flex;
  display: -ms-flexbox;
  display: flex;
  box-shadow: rgba(0,0,0,0.1) 0px 0px 1px,rgba(0,0,0,0.27) 0px 2px 4px -2px;
  -webkit-box-pack: center;
  -webkit-justify-content: center;
  -ms-flex-pack: center;
  justify-content: center;
  border-radius: 99999px;
  position: fixed;
  bottom: 0;
  right: 0;
  -webkit-align-items: center;
  -webkit-box-align: center;
  -ms-flex-align: center;
  align-items: center;
}

.emotion-0:disabled {
  opacity: 0.38;
  cursor: auto;
}

.emotion-0:hover,
.emotion-0:focus {
  background-color: var(--theme-ui-colors-primaryDark,#00a06d);
  outline: none;
}

.emotion-0:hover:disabled,
.emotion-0:focus:disabled {
  background-color: var(--theme-ui-colors-primary,#00e399);
}

<div>
  <div
    class="emotion-1"
  >
    <button
      class="emotion-0"
    />
  </div>
</div>
`;
