// Jest Snapshot v1, https://goo.gl/fbAQLP

exports[`ToggleButton should render correctly 1`] = `
.emotion-8 {
  box-sizing: border-box;
  margin: 0;
  min-width: 0;
  font-size: 16px;
}

@media screen and (min-width:40em) {
  .emotion-8 {
    font-size: 20px;
  }
}

.emotion-7 {
  box-sizing: border-box;
  margin: 0;
  min-width: 0;
  padding: 8px;
  background-color: white;
}

.emotion-6 {
  box-sizing: border-box;
  margin: 0;
  min-width: 0;
  background-color: var(--theme-ui-colors-surface,#fff);
  border-radius: 8px;
  display: -webkit-box;
  display: -webkit-flex;
  display: -ms-flexbox;
  display: flex;
}

.emotion-1 {
  box-sizing: border-box;
  margin: 0;
  min-width: 0;
  padding-left: 16px;
  padding-right: 16px;
  cursor: pointer;
  background-color: var(--theme-ui-colors-primaryLighter,rgba(0,120,86,0.12));
  border-style: solid;
  border-radius: 0;
  border-width: 1px;
  border-color: var(--theme-ui-colors-primaryLight,#629749);
  border-left-style: solid;
  -webkit-flex: inherit;
  -ms-flex: inherit;
  flex: inherit;
  -webkit-transition: background-color 100ms cubic-bezier(0.0,0.0,0.2,1);
  transition: background-color 100ms cubic-bezier(0.0,0.0,0.2,1);
  border-top-left-radius: 8px;
  border-bottom-left-radius: 8px;
}

.emotion-0 {
  box-sizing: border-box;
  margin: 0;
  min-width: 0;
  color: rgba(0,0,0,0.88);
  font-size: 1.6rem;
  font-family: Open Sans,-apple-system,BlinkMacSystemFont,San Francisco,Roboto,Segoe UI,Helvetica Neue,sans-serif;
  font-weight: 400;
  line-height: 3rem;
  text-rendering: optimizeLegibility;
  margin: 0;
  color: var(--theme-ui-colors-primaryDark,#00a06d);
  font-size: 14px;
  white-space: nowrap;
  -webkit-transition: color 100ms cubic-bezier(0.0,0.0,0.2,1);
  transition: color 100ms cubic-bezier(0.0,0.0,0.2,1);
  -webkit-user-select: none;
  -moz-user-select: none;
  -ms-user-select: none;
  user-select: none;
  text-align: center;
}

.emotion-3 {
  box-sizing: border-box;
  margin: 0;
  min-width: 0;
  padding-left: 16px;
  padding-right: 16px;
  cursor: pointer;
  background-color: var(--theme-ui-colors-surface,#fff);
  border-style: solid;
  border-radius: 0;
  border-width: 1px;
  border-color: var(--theme-ui-colors-border,rgba(0,0,0,.1));
  border-left-style: none;
  -webkit-flex: inherit;
  -ms-flex: inherit;
  flex: inherit;
  -webkit-transition: background-color 100ms cubic-bezier(0.0,0.0,0.2,1);
  transition: background-color 100ms cubic-bezier(0.0,0.0,0.2,1);
}

.emotion-2 {
  box-sizing: border-box;
  margin: 0;
  min-width: 0;
  color: rgba(0,0,0,0.88);
  font-size: 1.6rem;
  font-family: Open Sans,-apple-system,BlinkMacSystemFont,San Francisco,Roboto,Segoe UI,Helvetica Neue,sans-serif;
  font-weight: 400;
  line-height: 3rem;
  text-rendering: optimizeLegibility;
  margin: 0;
  color: var(--theme-ui-colors-text,rgba(0,0,0,0.87));
  font-size: 14px;
  white-space: nowrap;
  -webkit-transition: color 100ms cubic-bezier(0.0,0.0,0.2,1);
  transition: color 100ms cubic-bezier(0.0,0.0,0.2,1);
  -webkit-user-select: none;
  -moz-user-select: none;
  -ms-user-select: none;
  user-select: none;
  text-align: center;
}

.emotion-5 {
  box-sizing: border-box;
  margin: 0;
  min-width: 0;
  padding-left: 16px;
  padding-right: 16px;
  cursor: pointer;
  background-color: var(--theme-ui-colors-surface,#fff);
  border-style: solid;
  border-radius: 0;
  border-width: 1px;
  border-color: var(--theme-ui-colors-border,rgba(0,0,0,.1));
  border-left-style: none;
  -webkit-flex: inherit;
  -ms-flex: inherit;
  flex: inherit;
  -webkit-transition: background-color 100ms cubic-bezier(0.0,0.0,0.2,1);
  transition: background-color 100ms cubic-bezier(0.0,0.0,0.2,1);
  border-top-right-radius: 8px;
  border-bottom-right-radius: 8px;
}

<div>
  <div
    class="emotion-8"
  >
    <div
      class="emotion-7"
    >
      <div
        class="emotion-6"
      >
        <div
          class="emotion-1"
        >
          <p
            class="emotion-0"
          >
            Daily
          </p>
        </div>
        <div
          class="emotion-3"
        >
          <p
            class="emotion-2"
          >
            Weekly
          </p>
        </div>
        <div
          class="emotion-5"
        >
          <p
            class="emotion-2"
          >
            Monthly
          </p>
        </div>
      </div>
    </div>
  </div>
</div>
`;
