// Jest Snapshot v1, https://goo.gl/fbAQLP

exports[`PageStudentProfile should render correctly 1`] = `
@keyframes animation-0 {
  0% {
    background-color: rgba(165,165,165,0.05);
  }

  50% {
    background-color: rgba(165,165,165,0.1);
  }

  100% {
    background-color: rgba(165,165,165,0.05);
  }
}

.emotion-5 {
  box-sizing: border-box;
  margin: 0;
  min-width: 0;
  font-size: 16px;
}

@media screen and (min-width:40em) {
  .emotion-5 {
    font-size: 20px;
  }
}

.emotion-4 {
  box-sizing: border-box;
  margin: 0;
  min-width: 0;
}

.emotion-0 {
  box-sizing: border-box;
  margin: 0;
  min-width: 0;
  margin-bottom: 16px;
  border-radius: 8px;
  -webkit-animation: 1s ease-in-out 0s infinite animation-0;
  animation: 1s ease-in-out 0s infinite animation-0;
  width: 100%;
  height: 10em;
}

<div>
  <div
    class="emotion-5"
  >
    <div
      class="emotion-4"
    >
      <div
        class="emotion-0"
      />
      <div
        class="emotion-0"
      />
      <div
        class="emotion-0"
      />
      <div
        class="emotion-0"
      />
    </div>
  </div>
</div>
`;
