// Jest Snapshot v1, https://goo.gl/fbAQLP

exports[`PageLogin should render correctly 1`] = `
.emotion-16 {
  box-sizing: border-box;
  margin: 0;
  min-width: 0;
  font-size: 16px;
}

@media screen and (min-width:40em) {
  .emotion-16 {
    font-size: 20px;
  }
}

.emotion-15 {
  box-sizing: border-box;
  margin: 0;
  min-width: 0;
  padding-top: 128px;
  -webkit-box-pack: center;
  -webkit-justify-content: center;
  -ms-flex-pack: center;
  justify-content: center;
  min-height: 100vh;
  min-width: 100vw;
  display: -webkit-box;
  display: -webkit-flex;
  display: -ms-flexbox;
  display: flex;
}

.emotion-14 {
  box-sizing: border-box;
  margin: 0;
  min-width: 0;
  padding: 16px;
  margin-top: -64px;
  width: 100%;
  max-width: 640px;
}

.emotion-0 {
  box-sizing: border-box;
  margin: 0;
  min-width: 0;
  font-family: Open Sans,-apple-system,BlinkMacSystemFont,San Francisco,Roboto,Segoe UI,Helvetica Neue,sans-serif;
  font-weight: 300;
  line-height: heading;
  font-size: 4.8828125rem;
  line-height: 6rem;
  -webkit-letter-spacing: 0;
  -moz-letter-spacing: 0;
  -ms-letter-spacing: 0;
  letter-spacing: 0;
  text-rendering: optimizeLegibility;
  --webkitFontSmoothing: antialiased;
  --mozOsxFontSmoothing: grayscale;
  margin-top: 16px;
  margin-bottom: 16px;
  color: var(--theme-ui-colors-text,rgba(0,0,0,0.87));
}

.emotion-4 {
  box-sizing: border-box;
  margin: 0;
  min-width: 0;
  width: 100%;
  display: -webkit-box;
  display: -webkit-flex;
  display: -ms-flexbox;
  display: flex;
  color: var(--theme-ui-colors-textMediumEmphasis,rgba(0,0,0,0.60));
  as: label;
  font-family: Open Sans,-apple-system,BlinkMacSystemFont,San Francisco,Roboto,Segoe UI,Helvetica Neue,sans-serif;
  font-size: 14px;
  -webkit-user-select: none;
  -moz-user-select: none;
  -ms-user-select: none;
  user-select: none;
  color: var(--theme-ui-colors-textMediumEmphasis,rgba(0,0,0,0.60));
  display: -webkit-box;
  display: -webkit-flex;
  display: -ms-flexbox;
  display: flex;
  -webkit-flex-direction: column;
  -ms-flex-direction: column;
  flex-direction: column;
}

.emotion-1 {
  box-sizing: border-box;
  margin: 0;
  min-width: 0;
  padding-bottom: 4px;
}

.emotion-3 {
  box-sizing: border-box;
  margin: 0;
  min-width: 0;
  -webkit-align-items: center;
  -webkit-box-align: center;
  -ms-flex-align: center;
  align-items: center;
  display: -webkit-box;
  display: -webkit-flex;
  display: -ms-flexbox;
  display: flex;
}

.emotion-2 {
  box-sizing: border-box;
  margin: 0;
  min-width: 0;
  display: block;
  width: 100%;
  padding: 8px;
  -webkit-appearance: none;
  -moz-appearance: none;
  appearance: none;
  font-size: inherit;
  line-height: inherit;
  border: 1px solid;
  border-radius: 4px;
  color: inherit;
  background-color: transparent;
  border-radius: 8px;
  font-family: Open Sans,-apple-system,BlinkMacSystemFont,San Francisco,Roboto,Segoe UI,Helvetica Neue,sans-serif;
  width: auto;
  border-color: var(--theme-ui-colors-border,rgba(0,0,0,.1));
  background-color: var(--theme-ui-colors-surface,#fff);
  font-size: 16px;
  padding: 12px;
  color: var(--theme-ui-colors-text,rgba(0,0,0,0.87));
  margin-bottom: 8px;
  width: 100%;
}

.emotion-2:hover,
.emotion-2:focus {
  border-color: var(--theme-ui-colors-primary,#00e399);
  outline: none;
}

.emotion-2::-webkit-input-placeholder {
  font-style: italic;
}

.emotion-2::-moz-placeholder {
  font-style: italic;
}

.emotion-2:-ms-input-placeholder {
  font-style: italic;
}

.emotion-2::placeholder {
  font-style: italic;
}

.emotion-2:disabled {
  opacity: 0.68;
  border-color: var(--theme-ui-colors-border,rgba(0,0,0,.1));
  color: var(--theme-ui-colors-textDisabled,rgba(0,0,0,0.38));
}

.emotion-6 {
  box-sizing: border-box;
  margin: 0;
  min-width: 0;
  display: block;
  width: 100%;
  padding: 8px;
  -webkit-appearance: none;
  -moz-appearance: none;
  appearance: none;
  font-size: inherit;
  line-height: inherit;
  border: 1px solid;
  border-radius: 4px;
  color: inherit;
  background-color: transparent;
  border-radius: 8px;
  font-family: Open Sans,-apple-system,BlinkMacSystemFont,San Francisco,Roboto,Segoe UI,Helvetica Neue,sans-serif;
  width: auto;
  border-color: var(--theme-ui-colors-border,rgba(0,0,0,.1));
  background-color: var(--theme-ui-colors-surface,#fff);
  font-size: 16px;
  padding: 12px;
  color: var(--theme-ui-colors-text,rgba(0,0,0,0.87));
  width: 100%;
}

.emotion-6:hover,
.emotion-6:focus {
  border-color: var(--theme-ui-colors-primary,#00e399);
  outline: none;
}

.emotion-6::-webkit-input-placeholder {
  font-style: italic;
}

.emotion-6::-moz-placeholder {
  font-style: italic;
}

.emotion-6:-ms-input-placeholder {
  font-style: italic;
}

.emotion-6::placeholder {
  font-style: italic;
}

.emotion-6:disabled {
  opacity: 0.68;
  border-color: var(--theme-ui-colors-border,rgba(0,0,0,.1));
  color: var(--theme-ui-colors-textDisabled,rgba(0,0,0,0.38));
}

.emotion-9 {
  box-sizing: border-box;
  margin: 0;
  min-width: 0;
  color: rgba(0,0,0,0.88);
  font-size: 1.6rem;
  font-family: Open Sans,-apple-system,BlinkMacSystemFont,San Francisco,Roboto,Segoe UI,Helvetica Neue,sans-serif;
  font-weight: 400;
  line-height: 3rem;
  text-rendering: optimizeLegibility;
  --webkitFontSmoothing: antialiased;
  --mozOsxFontSmoothing: grayscale;
  margin-top: 8px;
  margin-bottom: 8px;
  color: var(--theme-ui-colors-text,rgba(0,0,0,0.87));
  font-size: 14px;
  -webkit-text-decoration: underline;
  text-decoration: underline;
}

.emotion-12 {
  box-sizing: border-box;
  margin: 0;
  min-width: 0;
  display: -webkit-box;
  display: -webkit-flex;
  display: -ms-flexbox;
  display: flex;
}

.emotion-10 {
  box-sizing: border-box;
  margin: 0;
  min-width: 0;
  -webkit-appearance: none;
  -moz-appearance: none;
  appearance: none;
  display: inline-block;
  text-align: center;
  line-height: inherit;
  -webkit-text-decoration: none;
  text-decoration: none;
  font-size: inherit;
  padding-left: 16px;
  padding-right: 16px;
  padding-top: 8px;
  padding-bottom: 8px;
  color: white;
  background-color: var(--theme-ui-colors-primary,#00e399);
  border: 0;
  border-radius: 4px;
  cursor: pointer;
  text-transform: capitalize;
  box-sizing: border-box;
  font-size: 14px;
  font-weight: bold;
  color: var(--theme-ui-colors-textPrimary,#027c5b);
  background-color: transparent;
  border-radius: 8px;
  font-family: Open Sans,-apple-system,BlinkMacSystemFont,San Francisco,Roboto,Segoe UI,Helvetica Neue,sans-serif;
  -webkit-transition: background-color 125ms cubic-bezier(0.0,0.0,0.2,1);
  transition: background-color 125ms cubic-bezier(0.0,0.0,0.2,1);
  padding-top: 8px;
  padding-bottom: 8px;
  padding-left: 16px;
  padding-right: 16px;
  white-space: nowrap;
  display: -webkit-box;
  display: -webkit-flex;
  display: -ms-flexbox;
  display: flex;
  -webkit-align-items: center;
  -webkit-box-align: center;
  -ms-flex-align: center;
  align-items: center;
  -webkit-box-pack: center;
  -webkit-justify-content: center;
  -ms-flex-pack: center;
  justify-content: center;
  border: 1px solid;
  border-color: var(--theme-ui-colors-border,rgba(0,0,0,.1));
  margin-right: 16px;
  width: 100%;
}

.emotion-10:disabled {
  opacity: 0.38;
  cursor: auto;
}

.emotion-10:hover,
.emotion-10:focus {
  background-color: var(--theme-ui-colors-primaryLighter,rgba(0,120,86,0.12));
  border-color: var(--theme-ui-colors-primary,#00e399);
  outline: none;
}

.emotion-10:hover:disabled,
.emotion-10:focus:disabled {
  background-color: transparent;
  border-color: var(--theme-ui-colors-border,rgba(0,0,0,.1));
}

.emotion-11 {
  box-sizing: border-box;
  margin: 0;
  min-width: 0;
  -webkit-appearance: none;
  -moz-appearance: none;
  appearance: none;
  display: inline-block;
  text-align: center;
  line-height: inherit;
  -webkit-text-decoration: none;
  text-decoration: none;
  font-size: inherit;
  padding-left: 16px;
  padding-right: 16px;
  padding-top: 8px;
  padding-bottom: 8px;
  color: white;
  background-color: var(--theme-ui-colors-primary,#00e399);
  border: 0;
  border-radius: 4px;
  cursor: pointer;
  text-transform: capitalize;
  box-sizing: border-box;
  font-size: 14px;
  font-weight: bold;
  color: var(--theme-ui-colors-onPrimary,#000);
  background-color: var(--theme-ui-colors-primary,#00e399);
  border-radius: 8px;
  font-family: Open Sans,-apple-system,BlinkMacSystemFont,San Francisco,Roboto,Segoe UI,Helvetica Neue,sans-serif;
  -webkit-transition: background-color 125ms cubic-bezier(0.0,0.0,0.2,1);
  transition: background-color 125ms cubic-bezier(0.0,0.0,0.2,1);
  padding-top: 16px;
  padding-bottom: 16px;
  padding-left: 16px;
  padding-right: 16px;
  white-space: nowrap;
  display: -webkit-box;
  display: -webkit-flex;
  display: -ms-flexbox;
  display: flex;
  -webkit-align-items: center;
  -webkit-box-align: center;
  -ms-flex-align: center;
  align-items: center;
  -webkit-box-pack: center;
  -webkit-justify-content: center;
  -ms-flex-pack: center;
  justify-content: center;
  width: 100%;
}

.emotion-11:disabled {
  opacity: 0.38;
  cursor: auto;
}

.emotion-11:hover,
.emotion-11:focus {
  background-color: var(--theme-ui-colors-primaryDark,#00a06d);
  outline: none;
}

.emotion-11:hover:disabled,
.emotion-11:focus:disabled {
  background-color: var(--theme-ui-colors-primary,#00e399);
}

.emotion-13 {
  box-sizing: border-box;
  margin: 0;
  min-width: 0;
  color: rgba(0,0,0,0.88);
  font-size: 1.6rem;
  font-family: Open Sans,-apple-system,BlinkMacSystemFont,San Francisco,Roboto,Segoe UI,Helvetica Neue,sans-serif;
  font-weight: 400;
  line-height: 3rem;
  text-rendering: optimizeLegibility;
  --webkitFontSmoothing: antialiased;
  --mozOsxFontSmoothing: grayscale;
  margin-top: 16px;
  margin-bottom: 16px;
  color: var(--theme-ui-colors-danger,#d50000);
  text-align: center;
  font-size: 14px;
  width: 100%;
  font-weight: bold;
}

<div>
  <div
    class="emotion-16"
  >
    <div
      class="emotion-15"
    >
      <form
        class="emotion-14"
      >
        <h2
          class="emotion-0"
        >
          Welcome
        </h2>
        <label
          class="emotion-4"
        >
          <div
            class="emotion-1"
          >
            Email
          </div>
          <div
            class="emotion-3"
          >
            <input
              class="emotion-2"
              required=""
              value=""
            />
          </div>
        </label>
        <label
          class="emotion-4"
        >
          <div
            class="emotion-1"
          >
            Password
          </div>
          <div
            class="emotion-3"
          >
            <input
              class="emotion-6"
              required=""
              type="password"
              value=""
            />
          </div>
        </label>
        <a
          href="/forgot-password"
        >
          <p
            class="emotion-9"
          >
            Forgot password?
          </p>
        </a>
        <div
          class="emotion-12"
        >
          <button
            class="emotion-10"
            type="button"
          >
            Register
          </button>
          <button
            class="emotion-11"
          >
            Login
          </button>
        </div>
        <p
          class="emotion-13"
        />
      </form>
    </div>
  </div>
</div>
`;
