// Jest Snapshot v1, https://goo.gl/fbAQLP

exports[`PageAdminNewGuardian should render correctly 1`] = `
.emotion-22 {
  box-sizing: border-box;
  margin: 0;
  min-width: 0;
  font-size: 16px;
}

@media screen and (min-width:40em) {
  .emotion-22 {
    font-size: 20px;
  }
}

.emotion-21 {
  box-sizing: border-box;
  margin: 0;
  min-width: 0;
  margin-left: auto;
  margin-right: auto;
  max-width: 640px;
}

.emotion-2 {
  box-sizing: border-box;
  margin: 0;
  min-width: 0;
  margin-left: -8px;
  -webkit-align-items: center;
  -webkit-box-align: center;
  -ms-flex-align: center;
  align-items: center;
  display: -webkit-box;
  display: -webkit-flex;
  display: -ms-flexbox;
  display: flex;
}

.emotion-0 {
  box-sizing: border-box;
  margin: 0;
  min-width: 0;
  max-width: 100%;
  height: auto;
  margin: 16px;
  margin-right: 4px;
  fill: var(--theme-ui-colors-icon,rgba(0,0,0,0.6));
  -webkit-flex-shrink: 0;
  -ms-flex-negative: 0;
  flex-shrink: 0;
  width: 24px;
  height: 24px;
}

.emotion-1 {
  box-sizing: border-box;
  margin: 0;
  min-width: 0;
  color: rgba(0,0,0,0.88);
  font-size: 1.6rem;
  font-family: Open Sans,-apple-system,BlinkMacSystemFont,San Francisco,Roboto,Segoe UI,Helvetica Neue,sans-serif;
  font-weight: 400;
  line-height: 3rem;
  text-rendering: optimizeLegibility;
  margin-bottom: 0;
  color: var(--theme-ui-colors-textMediumEmphasis,rgba(0,0,0,0.60));
}

.emotion-3 {
  box-sizing: border-box;
  margin: 0;
  min-width: 0;
  font-family: Open Sans,-apple-system,BlinkMacSystemFont,San Francisco,Roboto,Segoe UI,Helvetica Neue,sans-serif;
  font-weight: 300;
  line-height: heading;
  font-size: 2.5rem;
  line-height: 3rem;
  -webkit-letter-spacing: 0;
  -moz-letter-spacing: 0;
  -ms-letter-spacing: 0;
  letter-spacing: 0;
  text-rendering: optimizeLegibility;
  margin-left: 16px;
  margin-right: 16px;
  margin-bottom: 16px;
  color: var(--theme-ui-colors-text,rgba(0,0,0,0.87));
}

.emotion-20 {
  box-sizing: border-box;
  margin: 0;
  min-width: 0;
  padding: 16px;
}

.emotion-7 {
  box-sizing: border-box;
  margin: 0;
  min-width: 0;
  width: 100%;
  display: -webkit-box;
  display: -webkit-flex;
  display: -ms-flexbox;
  display: flex;
  color: var(--theme-ui-colors-textMediumEmphasis,rgba(0,0,0,0.60));
  font-family: Open Sans,-apple-system,BlinkMacSystemFont,San Francisco,Roboto,Segoe UI,Helvetica Neue,sans-serif;
  font-size: 14px;
  -webkit-user-select: none;
  -moz-user-select: none;
  -ms-user-select: none;
  user-select: none;
  color: var(--theme-ui-colors-textMediumEmphasis,rgba(0,0,0,0.60));
  display: -webkit-box;
  display: -webkit-flex;
  display: -ms-flexbox;
  display: flex;
  -webkit-flex-direction: column;
  -ms-flex-direction: column;
  flex-direction: column;
}

.emotion-4 {
  box-sizing: border-box;
  margin: 0;
  min-width: 0;
  padding-bottom: 4px;
}

.emotion-6 {
  box-sizing: border-box;
  margin: 0;
  min-width: 0;
  -webkit-align-items: center;
  -webkit-box-align: center;
  -ms-flex-align: center;
  align-items: center;
  display: -webkit-box;
  display: -webkit-flex;
  display: -ms-flexbox;
  display: flex;
}

.emotion-5 {
  box-sizing: border-box;
  margin: 0;
  min-width: 0;
  display: block;
  width: 100%;
  padding: 8px;
  -webkit-appearance: none;
  -moz-appearance: none;
  appearance: none;
  font-size: inherit;
  line-height: inherit;
  border: 1px solid;
  border-radius: 4px;
  color: inherit;
  background-color: transparent;
  border-radius: 6px;
  font-family: Open Sans,-apple-system,BlinkMacSystemFont,San Francisco,Roboto,Segoe UI,Helvetica Neue,sans-serif;
  width: auto;
  border-color: var(--theme-ui-colors-border,rgba(0,0,0,.1));
  background-color: var(--theme-ui-colors-surface,#fff);
  font-size: 16px;
  padding: 12px;
  color: var(--theme-ui-colors-text,rgba(0,0,0,0.87));
  margin-bottom: 8px;
  width: 100%;
}

.emotion-5:hover,
.emotion-5:focus {
  border-color: var(--theme-ui-colors-primary,#00e399);
  outline: none;
}

.emotion-5::-webkit-input-placeholder {
  font-style: italic;
}

.emotion-5::-moz-placeholder {
  font-style: italic;
}

.emotion-5:-ms-input-placeholder {
  font-style: italic;
}

.emotion-5::placeholder {
  font-style: italic;
}

.emotion-5:disabled {
  opacity: 0.68;
  border-color: var(--theme-ui-colors-border,rgba(0,0,0,.1));
  color: var(--theme-ui-colors-textDisabled,rgba(0,0,0,0.38));
}

.emotion-13 {
  box-sizing: border-box;
  margin: 0;
  min-width: 0;
  display: block;
  width: 100%;
  padding: 8px;
  -webkit-appearance: none;
  -moz-appearance: none;
  appearance: none;
  font-size: inherit;
  line-height: inherit;
  border: 1px solid;
  border-radius: 4px;
  color: inherit;
  background-color: transparent;
  border-radius: 6px;
  font-family: Open Sans,-apple-system,BlinkMacSystemFont,San Francisco,Roboto,Segoe UI,Helvetica Neue,sans-serif;
  width: auto;
  border-color: var(--theme-ui-colors-border,rgba(0,0,0,.1));
  background-color: var(--theme-ui-colors-surface,#fff);
  font-size: 16px;
  padding: 12px;
  color: var(--theme-ui-colors-text,rgba(0,0,0,0.87));
  margin-bottom: 16px;
  width: 100%;
}

.emotion-13:hover,
.emotion-13:focus {
  border-color: var(--theme-ui-colors-primary,#00e399);
  outline: none;
}

.emotion-13::-webkit-input-placeholder {
  font-style: italic;
}

.emotion-13::-moz-placeholder {
  font-style: italic;
}

.emotion-13:-ms-input-placeholder {
  font-style: italic;
}

.emotion-13::placeholder {
  font-style: italic;
}

.emotion-13:disabled {
  opacity: 0.68;
  border-color: var(--theme-ui-colors-border,rgba(0,0,0,.1));
  color: var(--theme-ui-colors-textDisabled,rgba(0,0,0,0.38));
}

.emotion-18 {
  box-sizing: border-box;
  margin: 0;
  min-width: 0;
  width: 100%;
  display: -webkit-box;
  display: -webkit-flex;
  display: -ms-flexbox;
  display: flex;
  color: var(--theme-ui-colors-textMediumEmphasis,rgba(0,0,0,0.60));
  font-family: Open Sans,-apple-system,BlinkMacSystemFont,San Francisco,Roboto,Segoe UI,Helvetica Neue,sans-serif;
  font-size: 14px;
  -webkit-user-select: none;
  -moz-user-select: none;
  -ms-user-select: none;
  user-select: none;
  display: -webkit-box;
  display: -webkit-flex;
  display: -ms-flexbox;
  display: flex;
  -webkit-flex-direction: column;
  -ms-flex-direction: column;
  flex-direction: column;
}

.emotion-17 {
  box-sizing: border-box;
  margin: 0;
  min-width: 0;
  display: block;
  width: 100%;
  padding: 8px;
  -webkit-appearance: none;
  -moz-appearance: none;
  appearance: none;
  font-size: inherit;
  line-height: inherit;
  border: 1px solid;
  border-radius: 4px;
  color: inherit;
  background-color: transparent;
  border-radius: 6px;
  font-family: Open Sans,-apple-system,BlinkMacSystemFont,San Francisco,Roboto,Segoe UI,Helvetica Neue,sans-serif;
  border-color: var(--theme-ui-colors-border,rgba(0,0,0,.1));
  background-color: var(--theme-ui-colors-surface,#fff);
  font-size: 16px;
  padding: 16px;
  height: 180px;
  resize: vertical;
  color: var(--theme-ui-colors-text,rgba(0,0,0,0.87));
  margin-bottom: 16px;
}

.emotion-17:hover,
.emotion-17:focus {
  border-color: var(--theme-ui-colors-primary,#00e399);
  outline: none;
}

.emotion-17::-webkit-input-placeholder {
  font-style: italic;
  line-height: 2rem;
}

.emotion-17::-moz-placeholder {
  font-style: italic;
  line-height: 2rem;
}

.emotion-17:-ms-input-placeholder {
  font-style: italic;
  line-height: 2rem;
}

.emotion-17::placeholder {
  font-style: italic;
  line-height: 2rem;
}

.emotion-19 {
  box-sizing: border-box;
  margin: 0;
  min-width: 0;
  -webkit-appearance: none;
  -moz-appearance: none;
  appearance: none;
  display: inline-block;
  text-align: center;
  line-height: inherit;
  -webkit-text-decoration: none;
  text-decoration: none;
  font-size: inherit;
  padding-left: 16px;
  padding-right: 16px;
  padding-top: 8px;
  padding-bottom: 8px;
  color: white;
  background-color: var(--theme-ui-colors-primary,#00e399);
  border: 0;
  border-radius: 4px;
  cursor: pointer;
  box-sizing: border-box;
  font-size: 16px;
  color: var(--theme-ui-colors-onPrimary,#000);
  background-color: var(--theme-ui-colors-primary,#00e399);
  border-radius: 6px;
  font-family: Open Sans,-apple-system,BlinkMacSystemFont,San Francisco,Roboto,Segoe UI,Helvetica Neue,sans-serif;
  -webkit-transition: background-color 125ms cubic-bezier(0.0,0.0,0.2,1);
  transition: background-color 125ms cubic-bezier(0.0,0.0,0.2,1);
  padding-top: 8px;
  padding-bottom: 8px;
  padding-left: 16px;
  padding-right: 16px;
  white-space: nowrap;
  display: -webkit-box;
  display: -webkit-flex;
  display: -ms-flexbox;
  display: flex;
  -webkit-align-items: center;
  -webkit-box-align: center;
  -ms-flex-align: center;
  align-items: center;
  -webkit-box-pack: center;
  -webkit-justify-content: center;
  -ms-flex-pack: center;
  justify-content: center;
  touch-action: manipulation;
  width: 100%;
}

.emotion-19:disabled {
  opacity: 0.38;
  cursor: auto;
}

.emotion-19:hover,
.emotion-19:focus {
  background-color: var(--theme-ui-colors-primaryDark,#00a06d);
  outline: none;
}

.emotion-19:hover:disabled,
.emotion-19:focus:disabled {
  background-color: var(--theme-ui-colors-primary,#00e399);
}

<div>
  <div
    class="emotion-22"
  >
    <div
      class="emotion-21"
    >
      <a
        href="/dashboard/admin/guardians"
        style="display: block;"
      >
        <div
          class="emotion-2"
        >
          <div
            class="emotion-0"
          />
          <p
            class="emotion-1"
          >
            All Guardians
          </p>
        </div>
      </a>
      <h5
        class="emotion-3"
      >
        New Guardian
      </h5>
      <div
        class="emotion-20"
      >
        <label
          class="emotion-7"
        >
          <div
            class="emotion-4"
          >
            Guardian Name
          </div>
          <div
            class="emotion-6"
          >
            <input
              class="emotion-5"
              value=""
            />
          </div>
        </label>
        <label
          class="emotion-7"
        >
          <div
            class="emotion-4"
          >
            Email
          </div>
          <div
            class="emotion-6"
          >
            <input
              class="emotion-5"
              type="email"
              value=""
            />
          </div>
        </label>
        <label
          class="emotion-7"
        >
          <div
            class="emotion-4"
          >
            Phone
          </div>
          <div
            class="emotion-6"
          >
            <input
              class="emotion-13"
              type="phone"
              value=""
            />
          </div>
        </label>
        <label
          class="emotion-18"
        >
          <div
            class="emotion-4"
          >
            Note
          </div>
          <textarea
            aria-label="Note"
            class="emotion-17"
          />
        </label>
        <button
          class="emotion-19"
          disabled=""
        >
          Save
        </button>
      </div>
    </div>
  </div>
</div>
`;
