// Jest Snapshot v1, https://goo.gl/fbAQLP

exports[`DeleteStudentDialog should render correctly 1`] = `
.emotion-10 {
  box-sizing: border-box;
  margin: 0;
  min-width: 0;
  font-size: 16px;
}

@media screen and (min-width:40em) {
  .emotion-10 {
    font-size: 20px;
  }
}

.emotion-9 {
  box-sizing: border-box;
  margin: 0;
  min-width: 0;
  border: none;
  top: 0;
  left: 0;
  z-index: 1000001;
  position: fixed;
  -webkit-flex-direction: column-reverse;
  -ms-flex-direction: column-reverse;
  flex-direction: column-reverse;
  background-color: var(--theme-ui-colors-overlay,rgba(0,0,0,.6));
  width: 100%;
  height: 100%;
  padding: 0;
  display: -webkit-box;
  display: -webkit-flex;
  display: -ms-flexbox;
  display: flex;
}

@media screen and (min-width:40em) {
  .emotion-9 {
    -webkit-align-items: center;
    -webkit-box-align: center;
    -ms-flex-align: center;
    align-items: center;
    -webkit-box-pack: center;
    -webkit-justify-content: center;
    -ms-flex-pack: center;
    justify-content: center;
    padding: 16px;
  }
}

.emotion-8 {
  box-sizing: border-box;
  margin: 0;
  min-width: 0;
  padding: 8px;
  background-color: var(--theme-ui-colors-background,#F7F8FA);
  border-radius: 8px;
  box-shadow: rgba(0,0,0,0.1) 0px 0px 1px,rgba(0,0,0,0.27) 0px 2px 4px -2px;
  border-top-left-radius: 8px;
  border-top-right-radius: 8px;
  border-bottom-left-radius: 0;
  border-bottom-right-radius: 0;
  padding: 0;
  background-color: var(--theme-ui-colors-surface,#fff);
  max-width: 640px;
  overflow: hidden;
  width: 100%;
  max-height: 100vh;
  padding-bottom: env(safe-area-inset-bottom);
}

@media screen and (min-width:40em) {
  .emotion-8 {
    border-bottom-left-radius: 8px;
    border-bottom-right-radius: 8px;
  }
}

.emotion-2 {
  box-sizing: border-box;
  margin: 0;
  min-width: 0;
  border-bottom-width: 1px;
  border-bottom-style: solid;
  border-bottom-color: var(--theme-ui-colors-border,rgba(0,0,0,.1));
  -webkit-align-items: center;
  -webkit-box-align: center;
  -ms-flex-align: center;
  align-items: center;
  padding: 16px;
  display: -webkit-box;
  display: -webkit-flex;
  display: -ms-flexbox;
  display: flex;
}

.emotion-0 {
  box-sizing: border-box;
  margin: 0;
  min-width: 0;
  font-size: 24px;
  font-family: Open Sans,-apple-system,BlinkMacSystemFont,San Francisco,Roboto,Segoe UI,Helvetica Neue,sans-serif;
  font-weight: 300;
  line-height: heading;
  font-size: 2rem;
  line-height: 3rem;
  -webkit-letter-spacing: 0;
  -moz-letter-spacing: 0;
  -ms-letter-spacing: 0;
  letter-spacing: 0;
  color: var(--theme-ui-colors-text,rgba(0,0,0,0.87));
  margin-bottom: 0;
  margin-right: 16px;
  font-weight: bold;
  -webkit-flex: 1;
  -ms-flex: 1;
  flex: 1;
}

.emotion-1 {
  box-sizing: border-box;
  margin: 0;
  min-width: 0;
  max-width: 100%;
  height: auto;
  cursor: pointer;
  fill: var(--theme-ui-colors-icon,rgba(0,0,0,0.6));
  -webkit-flex-shrink: 0;
  -ms-flex-negative: 0;
  flex-shrink: 0;
  margin: 0;
  height: 32px;
  width: 32px;
}

.emotion-3 {
  box-sizing: border-box;
  margin: 0;
  min-width: 0;
  color: rgba(0,0,0,0.88);
  font-size: 1.6rem;
  font-family: Open Sans,-apple-system,BlinkMacSystemFont,San Francisco,Roboto,Segoe UI,Helvetica Neue,sans-serif;
  font-weight: 400;
  line-height: 3rem;
  color: var(--theme-ui-colors-text,rgba(0,0,0,0.87));
  font-size: 16px;
  padding: 16px;
  margin: 0;
}

@media screen and (min-width:40em) {
  .emotion-3 {
    font-size: 14px;
  }
}

.emotion-7 {
  box-sizing: border-box;
  margin: 0;
  min-width: 0;
  border-top-width: 1px;
  border-top-style: solid;
  border-top-color: var(--theme-ui-colors-border,rgba(0,0,0,.1));
  padding: 16px;
  display: -webkit-box;
  display: -webkit-flex;
  display: -ms-flexbox;
  display: flex;
}

.emotion-4 {
  box-sizing: border-box;
  margin: 0;
  min-width: 0;
  pointer-events: none;
  -webkit-flex: 1;
  -ms-flex: 1;
  flex: 1;
}

.emotion-5 {
  box-sizing: border-box;
  margin: 0;
  min-width: 0;
  -webkit-appearance: none;
  -moz-appearance: none;
  appearance: none;
  display: inline-block;
  text-align: center;
  line-height: inherit;
  -webkit-text-decoration: none;
  text-decoration: none;
  font-size: inherit;
  padding-left: 16px;
  padding-right: 16px;
  padding-top: 8px;
  padding-bottom: 8px;
  color: white;
  background-color: var(--theme-ui-colors-primary,#00e399);
  border: 0;
  border-radius: 4px;
  cursor: pointer;
  text-transform: capitalize;
  box-sizing: border-box;
  font-size: 14px;
  font-weight: bold;
  color: var(--theme-ui-colors-textPrimary,#027c5b);
  background-color: transparent;
  border-radius: 8px;
  font-family: Open Sans,-apple-system,BlinkMacSystemFont,San Francisco,Roboto,Segoe UI,Helvetica Neue,sans-serif;
  -webkit-transition: background-color 125ms cubic-bezier(0.0,0.0,0.2,1);
  transition: background-color 125ms cubic-bezier(0.0,0.0,0.2,1);
  padding-top: 8px;
  padding-bottom: 8px;
  padding-left: 16px;
  padding-right: 16px;
  white-space: nowrap;
  border: 1px solid;
  border-color: var(--theme-ui-colors-border,rgba(0,0,0,.1));
  -webkit-align-items: center;
  -webkit-box-align: center;
  -ms-flex-align: center;
  align-items: center;
  -webkit-box-pack: center;
  -webkit-justify-content: center;
  -ms-flex-pack: center;
  justify-content: center;
  display: -webkit-box;
  display: -webkit-flex;
  display: -ms-flexbox;
  display: flex;
  margin-right: 16px;
}

.emotion-5:disabled {
  opacity: 0.38;
  cursor: auto;
}

.emotion-5:hover,
.emotion-5:focus {
  background-color: var(--theme-ui-colors-primaryLighter,rgba(0,120,86,0.12));
  border-color: var(--theme-ui-colors-primary,#00e399);
  outline: none;
}

.emotion-5:hover:disabled,
.emotion-5:focus:disabled {
  background-color: transparent;
  border-color: var(--theme-ui-colors-border,rgba(0,0,0,.1));
}

.emotion-6 {
  box-sizing: border-box;
  margin: 0;
  min-width: 0;
  -webkit-appearance: none;
  -moz-appearance: none;
  appearance: none;
  display: inline-block;
  text-align: center;
  line-height: inherit;
  -webkit-text-decoration: none;
  text-decoration: none;
  font-size: inherit;
  padding-left: 16px;
  padding-right: 16px;
  padding-top: 8px;
  padding-bottom: 8px;
  color: white;
  background-color: var(--theme-ui-colors-primary,#00e399);
  border: 0;
  border-radius: 4px;
  cursor: pointer;
  text-transform: capitalize;
  box-sizing: border-box;
  font-size: 14px;
  font-weight: bold;
  color: var(--theme-ui-colors-onPrimary,#000);
  background-color: var(--theme-ui-colors-primary,#00e399);
  border-radius: 8px;
  font-family: Open Sans,-apple-system,BlinkMacSystemFont,San Francisco,Roboto,Segoe UI,Helvetica Neue,sans-serif;
  -webkit-transition: background-color 125ms cubic-bezier(0.0,0.0,0.2,1);
  transition: background-color 125ms cubic-bezier(0.0,0.0,0.2,1);
  padding-top: 8px;
  padding-bottom: 8px;
  padding-left: 16px;
  padding-right: 16px;
  white-space: nowrap;
  -webkit-align-items: center;
  -webkit-box-align: center;
  -ms-flex-align: center;
  align-items: center;
  -webkit-box-pack: center;
  -webkit-justify-content: center;
  -ms-flex-pack: center;
  justify-content: center;
  display: -webkit-box;
  display: -webkit-flex;
  display: -ms-flexbox;
  display: flex;
}

.emotion-6:disabled {
  opacity: 0.38;
  cursor: auto;
}

.emotion-6:hover,
.emotion-6:focus {
  background-color: var(--theme-ui-colors-primaryDark,#00a06d);
  outline: none;
}

.emotion-6:hover:disabled,
.emotion-6:focus:disabled {
  background-color: var(--theme-ui-colors-primary,#00e399);
}

<div>
  <div
    class="emotion-10"
  >
    <dialog
      class="emotion-9"
    >
      <div
        class="emotion-8"
      >
        <div
          class="emotion-2"
        >
          <h6
            class="emotion-0"
          >
            Delete Student?
          </h6>
          <div
            class="emotion-1"
          />
        </div>
        <p
          class="emotion-3"
        >
          "Igor Persnyakhovich" will be permanently deleted.
        </p>
        <div
          class="emotion-7"
        >
          <div
            class="emotion-4"
          />
          <button
            class="emotion-5"
          >
            NO, DON'T!
          </button>
          <button
            class="emotion-6"
          >
            Yes, please
          </button>
        </div>
      </div>
    </dialog>
  </div>
</div>
`;
