// Jest Snapshot v1, https://goo.gl/fbAQLP

exports[`PageAllObservations should render correctly 1`] = `
@keyframes animation-0 {
  0% {
    background-color: rgba(165,165,165,0.05);
  }

  50% {
    background-color: rgba(165,165,165,0.1);
  }

  100% {
    background-color: rgba(165,165,165,0.05);
  }
}

@keyframes animation-0 {
  0% {
    background-color: rgba(165,165,165,0.05);
  }

  50% {
    background-color: rgba(165,165,165,0.1);
  }

  100% {
    background-color: rgba(165,165,165,0.05);
  }
}

@keyframes animation-0 {
  0% {
    background-color: rgba(165,165,165,0.05);
  }

  50% {
    background-color: rgba(165,165,165,0.1);
  }

  100% {
    background-color: rgba(165,165,165,0.05);
  }
}

.emotion-32 {
  box-sizing: border-box;
  margin: 0;
  min-width: 0;
  font-size: 16px;
}

@media screen and (min-width:40em) {
  .emotion-32 {
    font-size: 20px;
  }
}

.emotion-31 {
  box-sizing: border-box;
  margin: 0;
  min-width: 0;
  margin: auto;
  max-width: 640px;
}

.emotion-2 {
  box-sizing: border-box;
  margin: 0;
  min-width: 0;
  margin-left: -8px;
  -webkit-align-items: center;
  -webkit-box-align: center;
  -ms-flex-align: center;
  align-items: center;
  display: -webkit-box;
  display: -webkit-flex;
  display: -ms-flexbox;
  display: flex;
}

.emotion-0 {
  box-sizing: border-box;
  margin: 0;
  min-width: 0;
  max-width: 100%;
  height: auto;
  margin: 16px;
  margin-right: 4px;
  fill: var(--theme-ui-colors-icon,rgba(0,0,0,0.6));
  -webkit-flex-shrink: 0;
  -ms-flex-negative: 0;
  flex-shrink: 0;
  width: 24px;
  height: 24px;
}

.emotion-1 {
  box-sizing: border-box;
  margin: 0;
  min-width: 0;
  color: rgba(0,0,0,0.88);
  font-size: 1.6rem;
  font-family: Open Sans,-apple-system,BlinkMacSystemFont,San Francisco,Roboto,Segoe UI,Helvetica Neue,sans-serif;
  font-weight: 400;
  line-height: 3rem;
  text-rendering: optimizeLegibility;
  margin-bottom: 0;
  color: var(--theme-ui-colors-textMediumEmphasis,rgba(0,0,0,0.60));
}

.emotion-5 {
  box-sizing: border-box;
  margin: 0;
  min-width: 0;
  margin: 16px;
}

.emotion-3 {
  box-sizing: border-box;
  margin: 0;
  min-width: 0;
  border-radius: 8px;
  -webkit-animation: 1s ease-in-out 0s infinite animation-0;
  animation: 1s ease-in-out 0s infinite animation-0;
  width: 100%;
  height: 5rem;
}

.emotion-4 {
  box-sizing: border-box;
  margin: 0;
  min-width: 0;
  margin-top: 8px;
  border-radius: 8px;
  -webkit-animation: 1s ease-in-out 0s infinite animation-0;
  animation: 1s ease-in-out 0s infinite animation-0;
  width: 90%%;
  height: 5rem;
}

.emotion-8 {
  box-sizing: border-box;
  margin: 0;
  min-width: 0;
  margin: 16px;
  margin-bottom: 32px;
}

.emotion-7 {
  box-sizing: border-box;
  margin: 0;
  min-width: 0;
  font-family: Open Sans,-apple-system,BlinkMacSystemFont,San Francisco,Roboto,Segoe UI,Helvetica Neue,sans-serif;
  font-weight: 300;
  line-height: heading;
  font-size: 3.90625rem;
  line-height: 6rem;
  -webkit-letter-spacing: 0;
  -moz-letter-spacing: 0;
  -ms-letter-spacing: 0;
  letter-spacing: 0;
  text-rendering: optimizeLegibility;
  color: var(--theme-ui-colors-text,rgba(0,0,0,0.87));
  word-wrap: break-word;
}

.emotion-6 {
  box-sizing: border-box;
  margin: 0;
  min-width: 0;
  color: var(--theme-ui-colors-textDisabled,rgba(0,0,0,0.38));
}

.emotion-23 {
  box-sizing: border-box;
  margin: 0;
  min-width: 0;
  padding-left: 16px;
  padding-right: 8px;
  padding-top: 8px;
  padding-bottom: 8px;
  -webkit-flex-wrap: wrap;
  -ms-flex-wrap: wrap;
  flex-wrap: wrap;
  display: -webkit-box;
  display: -webkit-flex;
  display: -ms-flexbox;
  display: flex;
}

.emotion-10 {
  box-sizing: border-box;
  margin: 0;
  min-width: 0;
  margin-right: 8px;
  margin-bottom: 8px;
  padding-left: 8px;
  padding-right: 8px;
  background-color: var(--theme-ui-colors-surface,#fff);
  -webkit-user-select: none;
  -moz-user-select: none;
  -ms-user-select: none;
  user-select: none;
  cursor: pointer;
  border-radius: 8px;
  border-color: var(--theme-ui-colors-border,rgba(0,0,0,.1));
  border-width: 1px;
  border-style: solid;
  white-space: nowrap;
}

.emotion-10:hover {
  background-color: var(--theme-ui-colors-primaryLightest,rgba(0,120,86,0.05));
}

.emotion-9 {
  box-sizing: border-box;
  margin: 0;
  min-width: 0;
  color: rgba(0,0,0,0.88);
  font-size: 1.6rem;
  font-family: Open Sans,-apple-system,BlinkMacSystemFont,San Francisco,Roboto,Segoe UI,Helvetica Neue,sans-serif;
  font-weight: 400;
  line-height: 3rem;
  text-rendering: optimizeLegibility;
  color: var(--theme-ui-colors-text,rgba(0,0,0,0.87));
  font-size: 14px;
}

.emotion-12 {
  box-sizing: border-box;
  margin: 0;
  min-width: 0;
  margin-right: 8px;
  margin-bottom: 8px;
  padding-left: 8px;
  padding-right: 8px;
  background-color: #b39ddb;
  -webkit-user-select: none;
  -moz-user-select: none;
  -ms-user-select: none;
  user-select: none;
  cursor: pointer;
  border-radius: 8px;
  border-color: var(--theme-ui-colors-border,rgba(0,0,0,.1));
  border-width: 1px;
  border-style: solid;
  white-space: nowrap;
}

.emotion-12:hover {
  background-color: #b39ddb;
}

.emotion-11 {
  box-sizing: border-box;
  margin: 0;
  min-width: 0;
  color: rgba(0,0,0,0.88);
  font-size: 1.6rem;
  font-family: Open Sans,-apple-system,BlinkMacSystemFont,San Francisco,Roboto,Segoe UI,Helvetica Neue,sans-serif;
  font-weight: 400;
  line-height: 3rem;
  text-rendering: optimizeLegibility;
  color: var(--theme-ui-colors-onPrimary,#000);
  font-size: 14px;
}

.emotion-29 {
  box-sizing: border-box;
  margin: 0;
  min-width: 0;
  margin-bottom: 8px;
}

.emotion-24 {
  box-sizing: border-box;
  margin: 0;
  min-width: 0;
  margin-bottom: 16px;
  border-radius: 8px;
  -webkit-animation: 1s ease-in-out 0s infinite animation-0;
  animation: 1s ease-in-out 0s infinite animation-0;
  width: 100%;
  height: 20rem;
}

.emotion-30 {
  box-sizing: border-box;
  margin: 0;
  min-width: 0;
  margin: 0;
}

@media screen and (min-width:40em) {
  .emotion-30 {
    margin: 16px;
  }
}

<div>
  <div
    class="emotion-32"
  >
    <div
      class="emotion-31"
    >
      <a
        href="/dashboard/observe/students/details?id=sadfasdf"
        style="display: block;"
      >
        <div
          class="emotion-2"
        >
          <div
            class="emotion-0"
          />
          <p
            class="emotion-1"
          >
            Student Details
          </p>
        </div>
      </a>
      <div
        class="emotion-5"
      >
        <div
          class="emotion-3"
        />
        <div
          class="emotion-4"
        />
      </div>
      <div
        class="emotion-8"
      >
        <h3
          class="emotion-7"
        >
          <span
            class="emotion-6"
          />
           Observations
        </h3>
      </div>
      <div
        class="emotion-23"
      >
        <div
          class="emotion-10"
        >
          <p
            class="emotion-9"
          >
            All (0)
          </p>
        </div>
        <div
          class="emotion-12"
        >
          <p
            class="emotion-11"
          >
            Others (0)
          </p>
        </div>
        <div
          class="emotion-10"
        >
          <p
            class="emotion-9"
          >
            Cultural (0)
          </p>
        </div>
        <div
          class="emotion-10"
        >
          <p
            class="emotion-9"
          >
            Language (0)
          </p>
        </div>
        <div
          class="emotion-10"
        >
          <p
            class="emotion-9"
          >
            Mathematics (0)
          </p>
        </div>
        <div
          class="emotion-10"
        >
          <p
            class="emotion-9"
          >
            Practical Life (0)
          </p>
        </div>
        <div
          class="emotion-10"
        >
          <p
            class="emotion-9"
          >
            Sensorial (0)
          </p>
        </div>
      </div>
      <div
        class="emotion-29"
      >
        <div
          class="emotion-24"
        />
        <div
          class="emotion-24"
        />
        <div
          class="emotion-24"
        />
        <div
          class="emotion-24"
        />
        <div
          class="emotion-24"
        />
      </div>
      <div
        class="emotion-30"
      />
    </div>
  </div>
</div>
`;
