// Jest Snapshot v1, https://goo.gl/fbAQLP

exports[`PageStudentDetails should render correctly 1`] = `
@keyframes animation-0 {
  0% {
    background-color: rgba(165,165,165,0.05);
  }

  50% {
    background-color: rgba(165,165,165,0.1);
  }

  100% {
    background-color: rgba(165,165,165,0.05);
  }
}

@keyframes animation-0 {
  0% {
    background-color: rgba(165,165,165,0.05);
  }

  50% {
    background-color: rgba(165,165,165,0.1);
  }

  100% {
    background-color: rgba(165,165,165,0.05);
  }
}

@keyframes animation-0 {
  0% {
    background-color: rgba(165,165,165,0.05);
  }

  50% {
    background-color: rgba(165,165,165,0.1);
  }

  100% {
    background-color: rgba(165,165,165,0.05);
  }
}

.emotion-29 {
  box-sizing: border-box;
  margin: 0;
  min-width: 0;
  font-size: 16px;
}

@media screen and (min-width:40em) {
  .emotion-29 {
    font-size: 20px;
  }
}

.emotion-28 {
  box-sizing: border-box;
  margin: 0;
  min-width: 0;
  max-width: 640px;
  margin: auto;
  padding-bottom: 64px;
}

.emotion-2 {
  box-sizing: border-box;
  margin: 0;
  min-width: 0;
  -webkit-align-items: center;
  -webkit-box-align: center;
  -ms-flex-align: center;
  align-items: center;
  margin-left: -8px;
  display: -webkit-box;
  display: -webkit-flex;
  display: -ms-flexbox;
  display: flex;
}

.emotion-0 {
  box-sizing: border-box;
  margin: 0;
  min-width: 0;
  max-width: 100%;
  height: auto;
  fill: var(--theme-ui-colors-icon,rgba(0,0,0,0.6));
  -webkit-flex-shrink: 0;
  -ms-flex-negative: 0;
  flex-shrink: 0;
  margin: 16px;
  height: 24px;
  width: 24px;
  margin-right: 4px;
}

.emotion-1 {
  box-sizing: border-box;
  margin: 0;
  min-width: 0;
  color: rgba(0,0,0,0.88);
  font-size: 1.6rem;
  font-family: Open Sans,-apple-system,BlinkMacSystemFont,San Francisco,Roboto,Segoe UI,Helvetica Neue,sans-serif;
  font-weight: 400;
  line-height: 3rem;
  color: var(--theme-ui-colors-textMediumEmphasis,rgba(0,0,0,0.60));
  font-size: 16px;
  margin-bottom: 0;
}

@media screen and (min-width:40em) {
  .emotion-1 {
    font-size: 14px;
  }
}

.emotion-8 {
  box-sizing: border-box;
  margin: 0;
  min-width: 0;
  -webkit-align-items: start;
  -webkit-box-align: start;
  -ms-flex-align: start;
  align-items: start;
  margin-left: 16px;
  margin-right: 16px;
  margin-bottom: 32px;
  margin-top: 0;
  display: -webkit-box;
  display: -webkit-flex;
  display: -ms-flexbox;
  display: flex;
}

.emotion-4 {
  box-sizing: border-box;
  margin: 0;
  min-width: 0;
  font-size: 24px;
  font-family: Open Sans,-apple-system,BlinkMacSystemFont,San Francisco,Roboto,Segoe UI,Helvetica Neue,sans-serif;
  font-weight: 300;
  line-height: heading;
  font-size: 3.90625rem;
  line-height: 6rem;
  -webkit-letter-spacing: 0;
  -moz-letter-spacing: 0;
  -ms-letter-spacing: 0;
  letter-spacing: 0;
  word-wrap: break-word;
  color: var(--theme-ui-colors-text,rgba(0,0,0,0.87));
}

.emotion-3 {
  box-sizing: border-box;
  margin: 0;
  min-width: 0;
  border-radius: 8px;
  -webkit-animation: 1s ease-in-out 0s infinite animation-0;
  animation: 1s ease-in-out 0s infinite animation-0;
  width: 24rem;
  height: 60px;
}

.emotion-5 {
  box-sizing: border-box;
  margin: 0;
  min-width: 0;
  pointer-events: none;
  -webkit-flex: 1;
  -ms-flex: 1;
  flex: 1;
}

.emotion-7 {
  box-sizing: border-box;
  margin: 0;
  min-width: 0;
  -webkit-appearance: none;
  -moz-appearance: none;
  appearance: none;
  display: inline-block;
  text-align: center;
  line-height: inherit;
  -webkit-text-decoration: none;
  text-decoration: none;
  font-size: inherit;
  padding-left: 16px;
  padding-right: 16px;
  padding-top: 8px;
  padding-bottom: 8px;
  color: white;
  background-color: var(--theme-ui-colors-primary,#00e399);
  border: 0;
  border-radius: 4px;
  cursor: pointer;
  text-transform: capitalize;
  box-sizing: border-box;
  font-size: 14px;
  font-weight: bold;
  color: var(--theme-ui-colors-textPrimary,#027c5b);
  background-color: transparent;
  border-radius: 8px;
  font-family: Open Sans,-apple-system,BlinkMacSystemFont,San Francisco,Roboto,Segoe UI,Helvetica Neue,sans-serif;
  -webkit-transition: background-color 125ms cubic-bezier(0.0,0.0,0.2,1);
  transition: background-color 125ms cubic-bezier(0.0,0.0,0.2,1);
  padding-top: 8px;
  padding-bottom: 8px;
  padding-left: 16px;
  padding-right: 16px;
  white-space: nowrap;
  border: 1px solid;
  border-color: var(--theme-ui-colors-border,rgba(0,0,0,.1));
  -webkit-align-items: center;
  -webkit-box-align: center;
  -ms-flex-align: center;
  align-items: center;
  -webkit-box-pack: center;
  -webkit-justify-content: center;
  -ms-flex-pack: center;
  justify-content: center;
  display: -webkit-box;
  display: -webkit-flex;
  display: -ms-flexbox;
  display: flex;
  margin-top: 11px;
  margin-left: 16px;
  min-width: 43px;
}

.emotion-7:disabled {
  opacity: 0.38;
  cursor: auto;
}

.emotion-7:hover,
.emotion-7:focus {
  background-color: var(--theme-ui-colors-primaryLighter,rgba(0,120,86,0.12));
  border-color: var(--theme-ui-colors-primary,#00e399);
  outline: none;
}

.emotion-7:hover:disabled,
.emotion-7:focus:disabled {
  background-color: transparent;
  border-color: var(--theme-ui-colors-border,rgba(0,0,0,.1));
}

.emotion-6 {
  box-sizing: border-box;
  margin: 0;
  min-width: 0;
  max-width: 100%;
  height: auto;
  fill: var(--theme-ui-colors-icon,rgba(0,0,0,0.6));
  -webkit-flex-shrink: 0;
  -ms-flex-negative: 0;
  flex-shrink: 0;
  margin: 0;
  height: 20px;
  width: 20px;
  min-width: 20px;
}

.emotion-11 {
  box-sizing: border-box;
  margin: 0;
  min-width: 0;
  margin: 16px;
  margin-bottom: 8px;
}

.emotion-10 {
  box-sizing: border-box;
  margin: 0;
  min-width: 0;
  -webkit-appearance: none;
  -moz-appearance: none;
  appearance: none;
  display: inline-block;
  text-align: center;
  line-height: inherit;
  -webkit-text-decoration: none;
  text-decoration: none;
  font-size: inherit;
  padding-left: 16px;
  padding-right: 16px;
  padding-top: 8px;
  padding-bottom: 8px;
  color: white;
  background-color: var(--theme-ui-colors-primary,#00e399);
  border: 0;
  border-radius: 4px;
  cursor: pointer;
  text-transform: capitalize;
  box-sizing: border-box;
  font-size: 14px;
  font-weight: bold;
  color: var(--theme-ui-colors-onPrimary,#000);
  background-color: var(--theme-ui-colors-primary,#00e399);
  border-radius: 8px;
  font-family: Open Sans,-apple-system,BlinkMacSystemFont,San Francisco,Roboto,Segoe UI,Helvetica Neue,sans-serif;
  -webkit-transition: background-color 125ms cubic-bezier(0.0,0.0,0.2,1);
  transition: background-color 125ms cubic-bezier(0.0,0.0,0.2,1);
  padding-top: 8px;
  padding-bottom: 8px;
  padding-left: 16px;
  padding-right: 16px;
  white-space: nowrap;
  -webkit-align-items: center;
  -webkit-box-align: center;
  -ms-flex-align: center;
  align-items: center;
  -webkit-box-pack: center;
  -webkit-justify-content: center;
  -ms-flex-pack: center;
  justify-content: center;
  display: -webkit-box;
  display: -webkit-flex;
  display: -ms-flexbox;
  display: flex;
  width: 100%;
}

.emotion-10:disabled {
  opacity: 0.38;
  cursor: auto;
}

.emotion-10:hover,
.emotion-10:focus {
  background-color: var(--theme-ui-colors-primaryDark,#00a06d);
  outline: none;
}

.emotion-10:hover:disabled,
.emotion-10:focus:disabled {
  background-color: var(--theme-ui-colors-primary,#00e399);
}

.emotion-9 {
  box-sizing: border-box;
  margin: 0;
  min-width: 0;
  max-width: 100%;
  height: auto;
  fill: var(--theme-ui-colors-onPrimary,#000);
  -webkit-flex-shrink: 0;
  -ms-flex-negative: 0;
  flex-shrink: 0;
  margin: 0;
  height: 20px;
  width: 20px;
  margin-right: 8px;
}

.emotion-17 {
  box-sizing: border-box;
  margin: 0;
  min-width: 0;
  padding-top: 16px;
  padding-bottom: 16px;
  margin-bottom: 4px;
}

.emotion-13 {
  box-sizing: border-box;
  margin: 0;
  min-width: 0;
  margin: 16px;
}

.emotion-12 {
  box-sizing: border-box;
  margin: 0;
  min-width: 0;
  font-size: 24px;
  font-family: Open Sans,-apple-system,BlinkMacSystemFont,San Francisco,Roboto,Segoe UI,Helvetica Neue,sans-serif;
  font-weight: 300;
  line-height: heading;
  font-size: 2.5rem;
  line-height: 3rem;
  -webkit-letter-spacing: 0;
  -moz-letter-spacing: 0;
  -ms-letter-spacing: 0;
  letter-spacing: 0;
  color: var(--theme-ui-colors-textMediumEmphasis,rgba(0,0,0,0.60));
  font-weight: normal;
  -webkit-letter-spacing: 3px;
  -moz-letter-spacing: 3px;
  -ms-letter-spacing: 3px;
  letter-spacing: 3px;
}

.emotion-16 {
  box-sizing: border-box;
  margin: 0;
  min-width: 0;
  margin-left: 0;
  margin-right: 0;
}

@media screen and (min-width:40em) {
  .emotion-16 {
    margin-left: 16px;
    margin-right: 16px;
  }
}

.emotion-15 {
  box-sizing: border-box;
  margin: 0;
  min-width: 0;
  margin-top: 16px;
}

.emotion-14 {
  box-sizing: border-box;
  margin: 0;
  min-width: 0;
  border-radius: 0;
  -webkit-animation: 1s ease-in-out 0s infinite animation-0;
  animation: 1s ease-in-out 0s infinite animation-0;
  width: 100%;
  height: 17rem;
}

@media screen and (min-width:40em) {
  .emotion-14 {
    border-radius: 8px;
  }
}

.emotion-22 {
  box-sizing: border-box;
  margin: 0;
  min-width: 0;
  padding: 16px;
}

.emotion-21 {
  box-sizing: border-box;
  margin: 0;
  min-width: 0;
  margin-bottom: 16px;
  -webkit-align-items: center;
  -webkit-box-align: center;
  -ms-flex-align: center;
  align-items: center;
  display: -webkit-box;
  display: -webkit-flex;
  display: -ms-flexbox;
  display: flex;
}

.emotion-18 {
  box-sizing: border-box;
  margin: 0;
  min-width: 0;
  font-size: 24px;
  font-family: Open Sans,-apple-system,BlinkMacSystemFont,San Francisco,Roboto,Segoe UI,Helvetica Neue,sans-serif;
  font-weight: 300;
  line-height: heading;
  font-size: 2.5rem;
  line-height: 3rem;
  -webkit-letter-spacing: 0;
  -moz-letter-spacing: 0;
  -ms-letter-spacing: 0;
  letter-spacing: 0;
  color: var(--theme-ui-colors-textMediumEmphasis,rgba(0,0,0,0.60));
  font-weight: normal;
  -webkit-letter-spacing: 3px;
  -moz-letter-spacing: 3px;
  -ms-letter-spacing: 3px;
  letter-spacing: 3px;
  line-height: 1;
}

.emotion-20 {
  box-sizing: border-box;
  margin: 0;
  min-width: 0;
  -webkit-appearance: none;
  -moz-appearance: none;
  appearance: none;
  display: inline-block;
  text-align: center;
  line-height: inherit;
  -webkit-text-decoration: none;
  text-decoration: none;
  font-size: inherit;
  padding-left: 16px;
  padding-right: 16px;
  padding-top: 8px;
  padding-bottom: 8px;
  color: white;
  background-color: var(--theme-ui-colors-primary,#00e399);
  border: 0;
  border-radius: 4px;
  cursor: pointer;
  text-transform: capitalize;
  box-sizing: border-box;
  font-size: 14px;
  font-weight: bold;
  color: var(--theme-ui-colors-textPrimary,#027c5b);
  background-color: transparent;
  border-radius: 8px;
  font-family: Open Sans,-apple-system,BlinkMacSystemFont,San Francisco,Roboto,Segoe UI,Helvetica Neue,sans-serif;
  -webkit-transition: background-color 125ms cubic-bezier(0.0,0.0,0.2,1);
  transition: background-color 125ms cubic-bezier(0.0,0.0,0.2,1);
  padding-top: 8px;
  padding-bottom: 8px;
  padding-left: 16px;
  padding-right: 16px;
  white-space: nowrap;
  border: 1px solid;
  border-color: var(--theme-ui-colors-border,rgba(0,0,0,.1));
  -webkit-align-items: center;
  -webkit-box-align: center;
  -ms-flex-align: center;
  align-items: center;
  -webkit-box-pack: center;
  -webkit-justify-content: center;
  -ms-flex-pack: center;
  justify-content: center;
  display: -webkit-box;
  display: -webkit-flex;
  display: -ms-flexbox;
  display: flex;
}

.emotion-20:disabled {
  opacity: 0.38;
  cursor: auto;
}

.emotion-20:hover,
.emotion-20:focus {
  background-color: var(--theme-ui-colors-primaryLighter,rgba(0,120,86,0.12));
  border-color: var(--theme-ui-colors-primary,#00e399);
  outline: none;
}

.emotion-20:hover:disabled,
.emotion-20:focus:disabled {
  background-color: transparent;
  border-color: var(--theme-ui-colors-border,rgba(0,0,0,.1));
}

.emotion-27 {
  box-sizing: border-box;
  margin: 0;
  min-width: 0;
  margin-left: 0;
  margin-right: 0;
  margin-bottom: 16px;
}

@media screen and (min-width:40em) {
  .emotion-27 {
    margin-left: 16px;
    margin-right: 16px;
  }
}

.emotion-26 {
  box-sizing: border-box;
  margin: 0;
  min-width: 0;
}

.emotion-23 {
  box-sizing: border-box;
  margin: 0;
  min-width: 0;
  border-radius: 0;
  -webkit-animation: 1s ease-in-out 0s infinite animation-0;
  animation: 1s ease-in-out 0s infinite animation-0;
  width: 100%;
  height: 116px;
  margin-bottom: 8px;
}

@media screen and (min-width:40em) {
  .emotion-23 {
    border-radius: 8px;
  }
}

<div>
  <div
    class="emotion-29"
  >
    <div
      class="emotion-28"
    >
      <a
        href="/dashboard/observe"
      >
        <div
          class="emotion-2"
        >
          <div
            class="emotion-0"
          />
          <p
            class="emotion-1"
          >
            Home
          </p>
        </div>
      </a>
      <div
        class="emotion-8"
      >
        <h3
          class="emotion-4"
        >
          <div
            class="emotion-3"
          />
        </h3>
        <div
          class="emotion-5"
        />
        <button
          class="emotion-7"
          data-cy="edit"
        >
          <div
            class="emotion-6"
          />
        </button>
      </div>
      <div
        class="emotion-11"
      >
        <a
          href="/dashboard/observe/students/observations/new?studentId=asdfadsf"
        >
          <button
            class="emotion-10"
          >
            <div
              class="emotion-9"
            />
            Add Observation
          </button>
        </a>
      </div>
      <div
        class="emotion-17"
      >
        <div
          class="emotion-13"
        >
          <h5
            class="emotion-12"
          >
            PROGRESS
          </h5>
        </div>
        <div
          class="emotion-16"
        >
          <div
            class="emotion-15"
          >
            <div
              class="emotion-14"
            />
          </div>
        </div>
      </div>
      <div
        class="emotion-22"
      >
        <div
          class="emotion-21"
        >
          <h5
            class="emotion-18"
          >
            OBSERVATIONS
          </h5>
          <div
            class="emotion-5"
          />
          <a
            href="/dashboard/observe/students/observations/all?studentId=asdfadsf"
          >
            <button
              class="emotion-20"
            >
              All
            </button>
          </a>
        </div>
      </div>
      <div
        class="emotion-27"
      >
        <div
          class="emotion-26"
        >
          <div
            class="emotion-23"
          />
          <div
            class="emotion-23"
          />
          <div
            class="emotion-23"
          />
        </div>
      </div>
    </div>
  </div>
</div>
`;
