// Jest Snapshot v1, https://goo.gl/fbAQLP

exports[`PageStudentPlanDetails should render correctly 1`] = `
@keyframes animation-0 {
  0% {
    background-color: rgba(165,165,165,0.05);
  }

  50% {
    background-color: rgba(165,165,165,0.2);
  }

  100% {
    background-color: rgba(165,165,165,0.05);
  }
}

@keyframes animation-0 {
  0% {
    background-color: rgba(165,165,165,0.05);
  }

  50% {
    background-color: rgba(165,165,165,0.2);
  }

  100% {
    background-color: rgba(165,165,165,0.05);
  }
}

@keyframes animation-0 {
  0% {
    background-color: rgba(165,165,165,0.05);
  }

  50% {
    background-color: rgba(165,165,165,0.2);
  }

  100% {
    background-color: rgba(165,165,165,0.05);
  }
}

.emotion-19 {
  box-sizing: border-box;
  margin: 0;
  min-width: 0;
  font-size: 16px;
}

@media screen and (min-width:40em) {
  .emotion-19 {
    font-size: 20px;
  }
}

.emotion-18 {
  box-sizing: border-box;
  margin: 0;
  min-width: 0;
  padding-bottom: 16px;
  margin-left: auto;
  margin-right: auto;
  max-width: 640px;
}

.emotion-14 {
  box-sizing: border-box;
  margin: 0;
  min-width: 0;
  display: -webkit-box;
  display: -webkit-flex;
  display: -ms-flexbox;
  display: flex;
  height: 48px;
  -webkit-align-items: center;
  -webkit-box-align: center;
  -ms-flex-align: center;
  align-items: center;
}

.emotion-2 {
  margin: 8px;
  -webkit-flex-shrink: 0;
  -ms-flex-negative: 0;
  flex-shrink: 0;
}

.emotion-1 {
  box-sizing: border-box;
  margin: 0;
  min-width: 0;
  -webkit-appearance: none;
  -moz-appearance: none;
  appearance: none;
  display: inline-block;
  text-align: center;
  line-height: inherit;
  -webkit-text-decoration: none;
  text-decoration: none;
  font-size: inherit;
  padding-left: 16px;
  padding-right: 16px;
  padding-top: 8px;
  padding-bottom: 8px;
  color: white;
  background-color: var(--theme-ui-colors-primary,#00e399);
  border: 0;
  border-radius: 4px;
  -webkit-user-select: none;
  -moz-user-select: none;
  -ms-user-select: none;
  user-select: none;
  cursor: pointer;
  box-sizing: border-box;
  font-size: 14px;
  color: var(--theme-ui-colors-textPrimary,#027c5b);
  background-color: transparent;
  border-radius: 6px;
  font-family: Open Sans,-apple-system,BlinkMacSystemFont,San Francisco,Roboto,Segoe UI,Helvetica Neue,sans-serif;
  -webkit-transition: background-color 125ms cubic-bezier(0.0,0.0,0.2,1);
  transition: background-color 125ms cubic-bezier(0.0,0.0,0.2,1);
  padding-top: 8px;
  padding-bottom: 8px;
  padding-left: 16px;
  padding-right: 16px;
  white-space: nowrap;
  display: -webkit-box;
  display: -webkit-flex;
  display: -ms-flexbox;
  display: flex;
  -webkit-align-items: center;
  -webkit-box-align: center;
  -ms-flex-align: center;
  align-items: center;
  -webkit-box-pack: center;
  -webkit-justify-content: center;
  -ms-flex-pack: center;
  justify-content: center;
  touch-action: manipulation;
  box-shadow: none;
  border-color: var(--theme-ui-colors-border,rgba(0,0,0,.1));
  border-style: solid;
  border-width: 1px;
  line-height: 1;
  border: none;
  padding: 4px;
}

.emotion-1:disabled {
  opacity: 0.38;
  cursor: auto;
}

.emotion-1:hover,
.emotion-1:focus {
  background-color: var(--theme-ui-colors-primaryLighter,rgba(0,120,86,0.12));
  border-color: var(--theme-ui-colors-primary,#00e399);
  outline: none;
}

.emotion-0 {
  box-sizing: border-box;
  margin: 0;
  min-width: 0;
  max-width: 100%;
  height: auto;
  fill: var(--theme-ui-colors-icon,rgba(0,0,0,0.6));
  -webkit-flex-shrink: 0;
  -ms-flex-negative: 0;
  flex-shrink: 0;
  width: 20px;
  height: 20px;
  fill: var(--theme-ui-colors-textMediumEmphasis,rgba(0,0,0,0.60));
}

.emotion-13 {
  box-sizing: border-box;
  margin: 0;
  min-width: 0;
  -webkit-align-items: center;
  -webkit-box-align: center;
  -ms-flex-align: center;
  align-items: center;
  overflow-x: auto;
  display: -webkit-box;
  display: -webkit-flex;
  display: -ms-flexbox;
  display: flex;
}

.emotion-5 {
  display: inline-block;
  font-size: 12px;
  color: var(--theme-ui-colors-textMediumEmphasis,rgba(0,0,0,0.60));
  white-space: nowrap;
}

.emotion-5:last-child {
  color: var(--theme-ui-colors-textPrimary,#027c5b);
}

.emotion-5:last-child > .splitter {
  display: none;
}

.emotion-3:hover {
  -webkit-text-decoration: underline;
  text-decoration: underline;
}

.emotion-4 {
  margin-left: 4px;
  margin-right: 4px;
}

.emotion-12 {
  box-sizing: border-box;
  margin: 0;
  min-width: 0;
  display: inline-block;
  font-size: 12px;
  color: var(--theme-ui-colors-textMediumEmphasis,rgba(0,0,0,0.60));
  white-space: nowrap;
}

.emotion-12:last-child {
  color: var(--theme-ui-colors-textPrimary,#027c5b);
}

.emotion-12:last-child > .splitter {
  display: none;
}

.emotion-15 {
  box-sizing: border-box;
  margin: 0;
  min-width: 0;
  margin-bottom: 16px;
  border-radius: 6px;
  -webkit-animation: 1s ease-in-out 0s infinite animation-0;
  animation: 1s ease-in-out 0s infinite animation-0;
  width: 100%;
  height: 213px;
}

.emotion-16 {
  box-sizing: border-box;
  margin: 0;
  min-width: 0;
  margin-bottom: 16px;
  border-radius: 6px;
  -webkit-animation: 1s ease-in-out 0s infinite animation-0;
  animation: 1s ease-in-out 0s infinite animation-0;
  width: 100%;
  height: 129px;
}

.emotion-17 {
  box-sizing: border-box;
  margin: 0;
  min-width: 0;
  margin-bottom: 16px;
  border-radius: 6px;
  -webkit-animation: 1s ease-in-out 0s infinite animation-0;
  animation: 1s ease-in-out 0s infinite animation-0;
  width: 100%;
  height: 140px;
}

<div>
  <div
    class="emotion-19"
  >
    <div
      class="emotion-18"
    >
      <div
        class="emotion-14"
      >
        <a
          class="emotion-2"
          href="/dashboard/students/plans?studentId=asdfasfd&date=2020-09-12T09:46:48.445Z"
        >
          <button
            class="emotion-1"
          >
            <div
              class="emotion-0"
            />
          </button>
        </a>
        <div
          class="emotion-13"
        >
          <a
            class="emotion-5"
            href="/dashboard/students"
          >
            <span
              class="emotion-3"
            >
              Students
            </span>
            <span
              class="splitter emotion-4"
            >
              /
            </span>
          </a>
          <a
            class="emotion-5"
            href="/dashboard/students/overview?studentId=asdfasfd"
          >
            <span
              class="emotion-3"
            />
            <span
              class="splitter emotion-4"
            >
              /
            </span>
          </a>
          <a
            class="emotion-5"
            href="/dashboard/students/plans?studentId=asdfasfd&date=2020-09-12T09:46:48.445Z"
          >
            <span
              class="emotion-3"
            >
              Plans
            </span>
            <span
              class="splitter emotion-4"
            >
              /
            </span>
          </a>
          <div
            class="emotion-12"
          >
            Details
            <span
              class="splitter"
            >
              /
            </span>
          </div>
        </div>
      </div>
      <div
        class="emotion-15"
      />
      <div
        class="emotion-16"
      />
      <div
        class="emotion-17"
      />
    </div>
  </div>
</div>
`;
