// Jest Snapshot v1, https://goo.gl/fbAQLP

exports[`PageNewPlan should render correctly 1`] = `
.emotion-34 {
  box-sizing: border-box;
  margin: 0;
  min-width: 0;
  font-size: 16px;
}

@media screen and (min-width:40em) {
  .emotion-34 {
    font-size: 20px;
  }
}

.emotion-33 {
  box-sizing: border-box;
  margin: 0;
  min-width: 0;
  margin-left: auto;
  margin-right: auto;
  max-width: 640px;
}

.emotion-2 {
  box-sizing: border-box;
  margin: 0;
  min-width: 0;
  margin-left: -8px;
  -webkit-align-items: center;
  -webkit-box-align: center;
  -ms-flex-align: center;
  align-items: center;
  display: -webkit-box;
  display: -webkit-flex;
  display: -ms-flexbox;
  display: flex;
}

.emotion-0 {
  box-sizing: border-box;
  margin: 0;
  min-width: 0;
  max-width: 100%;
  height: auto;
  margin: 16px;
  margin-right: 4px;
  fill: var(--theme-ui-colors-icon,rgba(0,0,0,0.6));
  -webkit-flex-shrink: 0;
  -ms-flex-negative: 0;
  flex-shrink: 0;
  width: 24px;
  height: 24px;
}

.emotion-1 {
  box-sizing: border-box;
  margin: 0;
  min-width: 0;
  color: rgba(0,0,0,0.88);
  font-size: 1.6rem;
  font-family: Open Sans,-apple-system,BlinkMacSystemFont,San Francisco,Roboto,Segoe UI,Helvetica Neue,sans-serif;
  font-weight: 400;
  line-height: 3rem;
  text-rendering: optimizeLegibility;
  margin-bottom: 0;
  color: var(--theme-ui-colors-textMediumEmphasis,rgba(0,0,0,0.60));
}

.emotion-3 {
  box-sizing: border-box;
  margin: 0;
  min-width: 0;
  font-family: Open Sans,-apple-system,BlinkMacSystemFont,San Francisco,Roboto,Segoe UI,Helvetica Neue,sans-serif;
  font-weight: 300;
  line-height: heading;
  font-size: 2.5rem;
  line-height: 3rem;
  -webkit-letter-spacing: 0;
  -moz-letter-spacing: 0;
  -ms-letter-spacing: 0;
  letter-spacing: 0;
  text-rendering: optimizeLegibility;
  margin: 16px;
  color: var(--theme-ui-colors-text,rgba(0,0,0,0.87));
}

.emotion-18 {
  box-sizing: border-box;
  margin: 0;
  min-width: 0;
  margin-left: 16px;
  margin-right: 16px;
}

.emotion-10 {
  box-sizing: border-box;
  margin: 0;
  min-width: 0;
  margin-bottom: 8px;
  display: -webkit-box;
  display: -webkit-flex;
  display: -ms-flexbox;
  display: flex;
}

.emotion-7 {
  box-sizing: border-box;
  margin: 0;
  min-width: 0;
  width: 100%;
  display: -webkit-box;
  display: -webkit-flex;
  display: -ms-flexbox;
  display: flex;
  color: var(--theme-ui-colors-textMediumEmphasis,rgba(0,0,0,0.60));
  font-family: Open Sans,-apple-system,BlinkMacSystemFont,San Francisco,Roboto,Segoe UI,Helvetica Neue,sans-serif;
  font-size: 14px;
  -webkit-user-select: none;
  -moz-user-select: none;
  -ms-user-select: none;
  user-select: none;
  color: var(--theme-ui-colors-textDisabled,rgba(0,0,0,0.38));
  display: -webkit-box;
  display: -webkit-flex;
  display: -ms-flexbox;
  display: flex;
  -webkit-flex-direction: column;
  -ms-flex-direction: column;
  flex-direction: column;
}

.emotion-4 {
  box-sizing: border-box;
  margin: 0;
  min-width: 0;
  padding-bottom: 4px;
}

.emotion-6 {
  box-sizing: border-box;
  margin: 0;
  min-width: 0;
  -webkit-align-items: center;
  -webkit-box-align: center;
  -ms-flex-align: center;
  align-items: center;
  display: -webkit-box;
  display: -webkit-flex;
  display: -ms-flexbox;
  display: flex;
}

.emotion-5 {
  box-sizing: border-box;
  margin: 0;
  min-width: 0;
  display: block;
  width: 100%;
  padding: 8px;
  -webkit-appearance: none;
  -moz-appearance: none;
  appearance: none;
  font-size: inherit;
  line-height: inherit;
  border: 1px solid;
  border-radius: 4px;
  color: inherit;
  background-color: transparent;
  border-radius: 8px;
  font-family: Open Sans,-apple-system,BlinkMacSystemFont,San Francisco,Roboto,Segoe UI,Helvetica Neue,sans-serif;
  width: auto;
  border-color: var(--theme-ui-colors-border,rgba(0,0,0,.1));
  background-color: var(--theme-ui-colors-surface,#fff);
  font-size: 16px;
  padding: 12px;
  color: var(--theme-ui-colors-text,rgba(0,0,0,0.87));
  opacity: 1!important;
  width: 100%;
}

.emotion-5:hover,
.emotion-5:focus {
  border-color: var(--theme-ui-colors-primary,#00e399);
  outline: none;
}

.emotion-5::-webkit-input-placeholder {
  font-style: italic;
}

.emotion-5::-moz-placeholder {
  font-style: italic;
}

.emotion-5:-ms-input-placeholder {
  font-style: italic;
}

.emotion-5::placeholder {
  font-style: italic;
}

.emotion-5:disabled {
  opacity: 0.68;
  border-color: var(--theme-ui-colors-border,rgba(0,0,0,.1));
  color: var(--theme-ui-colors-textDisabled,rgba(0,0,0,0.38));
}

.emotion-9 {
  box-sizing: border-box;
  margin: 0;
  min-width: 0;
  -webkit-appearance: none;
  -moz-appearance: none;
  appearance: none;
  display: inline-block;
  text-align: center;
  line-height: inherit;
  -webkit-text-decoration: none;
  text-decoration: none;
  font-size: inherit;
  padding-left: 16px;
  padding-right: 16px;
  padding-top: 8px;
  padding-bottom: 8px;
  color: white;
  background-color: var(--theme-ui-colors-primary,#00e399);
  border: 0;
  border-radius: 4px;
  cursor: pointer;
  text-transform: capitalize;
  box-sizing: border-box;
  font-size: 14px;
  font-weight: bold;
  color: var(--theme-ui-colors-textPrimary,#027c5b);
  background-color: transparent;
  border-radius: 8px;
  font-family: Open Sans,-apple-system,BlinkMacSystemFont,San Francisco,Roboto,Segoe UI,Helvetica Neue,sans-serif;
  -webkit-transition: background-color 125ms cubic-bezier(0.0,0.0,0.2,1);
  transition: background-color 125ms cubic-bezier(0.0,0.0,0.2,1);
  padding-top: 8px;
  padding-bottom: 8px;
  padding-left: 16px;
  padding-right: 16px;
  white-space: nowrap;
  display: -webkit-box;
  display: -webkit-flex;
  display: -ms-flexbox;
  display: flex;
  -webkit-align-items: center;
  -webkit-box-align: center;
  -ms-flex-align: center;
  align-items: center;
  -webkit-box-pack: center;
  -webkit-justify-content: center;
  -ms-flex-pack: center;
  justify-content: center;
  border: 1px solid;
  border-color: var(--theme-ui-colors-border,rgba(0,0,0,.1));
  margin-top: 23px;
  margin-left: 16px;
  -webkit-flex-shrink: 0;
  -ms-flex-negative: 0;
  flex-shrink: 0;
}

.emotion-9:disabled {
  opacity: 0.38;
  cursor: auto;
}

.emotion-9:hover,
.emotion-9:focus {
  background-color: var(--theme-ui-colors-primaryLighter,rgba(0,120,86,0.12));
  border-color: var(--theme-ui-colors-primary,#00e399);
  outline: none;
}

.emotion-9:hover:disabled,
.emotion-9:focus:disabled {
  background-color: transparent;
  border-color: var(--theme-ui-colors-border,rgba(0,0,0,.1));
}

.emotion-8 {
  box-sizing: border-box;
  margin: 0;
  min-width: 0;
  max-width: 100%;
  height: auto;
  margin: 0;
  fill: var(--theme-ui-colors-icon,rgba(0,0,0,0.6));
  -webkit-flex-shrink: 0;
  -ms-flex-negative: 0;
  flex-shrink: 0;
  width: 20px;
  height: 20px;
}

.emotion-14 {
  box-sizing: border-box;
  margin: 0;
  min-width: 0;
  width: 100%;
  display: -webkit-box;
  display: -webkit-flex;
  display: -ms-flexbox;
  display: flex;
  color: var(--theme-ui-colors-textMediumEmphasis,rgba(0,0,0,0.60));
  font-family: Open Sans,-apple-system,BlinkMacSystemFont,San Francisco,Roboto,Segoe UI,Helvetica Neue,sans-serif;
  font-size: 14px;
  -webkit-user-select: none;
  -moz-user-select: none;
  -ms-user-select: none;
  user-select: none;
  color: var(--theme-ui-colors-textMediumEmphasis,rgba(0,0,0,0.60));
  display: -webkit-box;
  display: -webkit-flex;
  display: -ms-flexbox;
  display: flex;
  -webkit-flex-direction: column;
  -ms-flex-direction: column;
  flex-direction: column;
}

.emotion-12 {
  box-sizing: border-box;
  margin: 0;
  min-width: 0;
  display: block;
  width: 100%;
  padding: 8px;
  -webkit-appearance: none;
  -moz-appearance: none;
  appearance: none;
  font-size: inherit;
  line-height: inherit;
  border: 1px solid;
  border-radius: 4px;
  color: inherit;
  background-color: transparent;
  border-radius: 8px;
  font-family: Open Sans,-apple-system,BlinkMacSystemFont,San Francisco,Roboto,Segoe UI,Helvetica Neue,sans-serif;
  width: auto;
  border-color: var(--theme-ui-colors-border,rgba(0,0,0,.1));
  background-color: var(--theme-ui-colors-surface,#fff);
  font-size: 16px;
  padding: 12px;
  color: var(--theme-ui-colors-text,rgba(0,0,0,0.87));
  margin-bottom: 8px;
  width: 100%;
}

.emotion-12:hover,
.emotion-12:focus {
  border-color: var(--theme-ui-colors-primary,#00e399);
  outline: none;
}

.emotion-12::-webkit-input-placeholder {
  font-style: italic;
}

.emotion-12::-moz-placeholder {
  font-style: italic;
}

.emotion-12:-ms-input-placeholder {
  font-style: italic;
}

.emotion-12::placeholder {
  font-style: italic;
}

.emotion-12:disabled {
  opacity: 0.68;
  border-color: var(--theme-ui-colors-border,rgba(0,0,0,.1));
  color: var(--theme-ui-colors-textDisabled,rgba(0,0,0,0.38));
}

.emotion-17 {
  box-sizing: border-box;
  margin: 0;
  min-width: 0;
  width: 100%;
  display: -webkit-box;
  display: -webkit-flex;
  display: -ms-flexbox;
  display: flex;
  color: var(--theme-ui-colors-textMediumEmphasis,rgba(0,0,0,0.60));
  font-family: Open Sans,-apple-system,BlinkMacSystemFont,San Francisco,Roboto,Segoe UI,Helvetica Neue,sans-serif;
  font-size: 14px;
  -webkit-user-select: none;
  -moz-user-select: none;
  -ms-user-select: none;
  user-select: none;
  display: -webkit-box;
  display: -webkit-flex;
  display: -ms-flexbox;
  display: flex;
  -webkit-flex-direction: column;
  -ms-flex-direction: column;
  flex-direction: column;
}

.emotion-16 {
  box-sizing: border-box;
  margin: 0;
  min-width: 0;
  display: block;
  width: 100%;
  padding: 8px;
  -webkit-appearance: none;
  -moz-appearance: none;
  appearance: none;
  font-size: inherit;
  line-height: inherit;
  border: 1px solid;
  border-radius: 4px;
  color: inherit;
  background-color: transparent;
  border-radius: 8px;
  font-family: Open Sans,-apple-system,BlinkMacSystemFont,San Francisco,Roboto,Segoe UI,Helvetica Neue,sans-serif;
  border-color: var(--theme-ui-colors-border,rgba(0,0,0,.1));
  background-color: var(--theme-ui-colors-surface,#fff);
  font-size: 16px;
  padding: 16px;
  height: 180px;
  resize: vertical;
  color: var(--theme-ui-colors-text,rgba(0,0,0,0.87));
  margin-bottom: 16px;
  width: 100%;
}

.emotion-16:hover,
.emotion-16:focus {
  border-color: var(--theme-ui-colors-primary,#00e399);
  outline: none;
}

.emotion-16::-webkit-input-placeholder {
  font-style: italic;
  line-height: 2rem;
}

.emotion-16::-moz-placeholder {
  font-style: italic;
  line-height: 2rem;
}

.emotion-16:-ms-input-placeholder {
  font-style: italic;
  line-height: 2rem;
}

.emotion-16::placeholder {
  font-style: italic;
  line-height: 2rem;
}

.emotion-19 {
  box-sizing: border-box;
  margin: 0;
  min-width: 0;
  font-family: Open Sans,-apple-system,BlinkMacSystemFont,San Francisco,Roboto,Segoe UI,Helvetica Neue,sans-serif;
  font-weight: 300;
  line-height: heading;
  font-size: 2rem;
  line-height: 3rem;
  -webkit-letter-spacing: 0;
  -moz-letter-spacing: 0;
  -ms-letter-spacing: 0;
  letter-spacing: 0;
  text-rendering: optimizeLegibility;
  margin-bottom: 8px;
  color: var(--theme-ui-colors-text,rgba(0,0,0,0.87));
}

.emotion-20 {
  box-sizing: border-box;
  margin: 0;
  min-width: 0;
  margin-bottom: 16px;
  display: -webkit-box;
  display: -webkit-flex;
  display: -ms-flexbox;
  display: flex;
}

.emotion-29 {
  box-sizing: border-box;
  margin: 0;
  min-width: 0;
  display: -webkit-box;
  display: -webkit-flex;
  display: -ms-flexbox;
  display: flex;
}

.emotion-24 {
  box-sizing: border-box;
  margin: 0;
  min-width: 0;
  margin-right: 8px;
  margin-bottom: 8px;
  padding-left: 8px;
  padding-right: 8px;
  background-color: var(--theme-ui-colors-primary,#00e399);
  -webkit-user-select: none;
  -moz-user-select: none;
  -ms-user-select: none;
  user-select: none;
  cursor: pointer;
  border-radius: 8px;
  border-color: var(--theme-ui-colors-border,rgba(0,0,0,.1));
  border-width: 1px;
  border-style: solid;
  white-space: nowrap;
}

.emotion-24:hover {
  background-color: var(--theme-ui-colors-primary,#00e399);
}

.emotion-23 {
  box-sizing: border-box;
  margin: 0;
  min-width: 0;
  color: rgba(0,0,0,0.88);
  font-size: 1.6rem;
  font-family: Open Sans,-apple-system,BlinkMacSystemFont,San Francisco,Roboto,Segoe UI,Helvetica Neue,sans-serif;
  font-weight: 400;
  line-height: 3rem;
  text-rendering: optimizeLegibility;
  color: var(--theme-ui-colors-onPrimary,#000);
  font-size: 14px;
}

.emotion-26 {
  box-sizing: border-box;
  margin: 0;
  min-width: 0;
  margin-right: 8px;
  margin-bottom: 8px;
  padding-left: 8px;
  padding-right: 8px;
  background-color: var(--theme-ui-colors-surface,#fff);
  -webkit-user-select: none;
  -moz-user-select: none;
  -ms-user-select: none;
  user-select: none;
  cursor: pointer;
  border-radius: 8px;
  border-color: var(--theme-ui-colors-border,rgba(0,0,0,.1));
  border-width: 1px;
  border-style: solid;
  white-space: nowrap;
}

.emotion-26:hover {
  background-color: var(--theme-ui-colors-primaryLightest,rgba(0,120,86,0.05));
}

.emotion-25 {
  box-sizing: border-box;
  margin: 0;
  min-width: 0;
  color: rgba(0,0,0,0.88);
  font-size: 1.6rem;
  font-family: Open Sans,-apple-system,BlinkMacSystemFont,San Francisco,Roboto,Segoe UI,Helvetica Neue,sans-serif;
  font-weight: 400;
  line-height: 3rem;
  text-rendering: optimizeLegibility;
  color: var(--theme-ui-colors-text,rgba(0,0,0,0.87));
  font-size: 14px;
}

.emotion-32 {
  box-sizing: border-box;
  margin: 0;
  min-width: 0;
  margin-left: 16px;
  margin-right: 16px;
  margin-bottom: 32px;
}

.emotion-31 {
  box-sizing: border-box;
  margin: 0;
  min-width: 0;
  -webkit-appearance: none;
  -moz-appearance: none;
  appearance: none;
  display: inline-block;
  text-align: center;
  line-height: inherit;
  -webkit-text-decoration: none;
  text-decoration: none;
  font-size: inherit;
  padding-left: 16px;
  padding-right: 16px;
  padding-top: 8px;
  padding-bottom: 8px;
  color: white;
  background-color: var(--theme-ui-colors-primary,#00e399);
  border: 0;
  border-radius: 4px;
  cursor: pointer;
  text-transform: capitalize;
  box-sizing: border-box;
  font-size: 14px;
  font-weight: bold;
  color: var(--theme-ui-colors-onPrimary,#000);
  background-color: var(--theme-ui-colors-primary,#00e399);
  border-radius: 8px;
  font-family: Open Sans,-apple-system,BlinkMacSystemFont,San Francisco,Roboto,Segoe UI,Helvetica Neue,sans-serif;
  -webkit-transition: background-color 125ms cubic-bezier(0.0,0.0,0.2,1);
  transition: background-color 125ms cubic-bezier(0.0,0.0,0.2,1);
  padding-top: 8px;
  padding-bottom: 8px;
  padding-left: 16px;
  padding-right: 16px;
  white-space: nowrap;
  display: -webkit-box;
  display: -webkit-flex;
  display: -ms-flexbox;
  display: flex;
  -webkit-align-items: center;
  -webkit-box-align: center;
  -ms-flex-align: center;
  align-items: center;
  -webkit-box-pack: center;
  -webkit-justify-content: center;
  -ms-flex-pack: center;
  justify-content: center;
  margin-top: 16px;
  width: 100%;
}

.emotion-31:disabled {
  opacity: 0.38;
  cursor: auto;
}

.emotion-31:hover,
.emotion-31:focus {
  background-color: var(--theme-ui-colors-primaryDark,#00a06d);
  outline: none;
}

.emotion-31:hover:disabled,
.emotion-31:focus:disabled {
  background-color: var(--theme-ui-colors-primary,#00e399);
}

<div>
  <div
    class="emotion-34"
  >
    <div
      class="emotion-33"
    >
      <a
        href="/dashboard/plans?date=2020-02-01T00:00:00.000Z"
        style="display: block;"
      >
        <div
          class="emotion-2"
        >
          <div
            class="emotion-0"
          />
          <p
            class="emotion-1"
          >
            All plans
          </p>
        </div>
      </a>
      <h5
        class="emotion-3"
      >
        New Plan
      </h5>
      <div
        class="emotion-18"
      >
        <div
          class="emotion-10"
        >
          <label
            class="emotion-7"
          >
            <div
              class="emotion-4"
            >
              Date
            </div>
            <div
              class="emotion-6"
            >
              <input
                class="emotion-5"
                disabled=""
                placeholder="Not set"
                value="1 February '20"
              />
            </div>
          </label>
          <button
            class="emotion-9"
            data-cy="Date"
          >
            <div
              class="emotion-8"
            />
          </button>
        </div>
        <label
          class="emotion-14"
        >
          <div
            class="emotion-4"
          >
            Title
          </div>
          <div
            class="emotion-6"
          >
            <input
              class="emotion-12"
              value=""
            />
          </div>
        </label>
        <label
          class="emotion-17"
        >
          <div
            class="emotion-4"
          >
            Description
          </div>
          <textarea
            aria-label="Description"
            class="emotion-16"
          />
        </label>
      </div>
      <div
        class="emotion-18"
      >
        <h6
          class="emotion-19"
        >
          Class
        </h6>
        <div
          class="emotion-20"
        />
      </div>
      <div
        class="emotion-18"
      >
        <h6
          class="emotion-19"
        >
          Repetition
        </h6>
        <div
          class="emotion-29"
        >
          <div
            class="emotion-24"
          >
            <p
              class="emotion-23"
            >
              None
            </p>
          </div>
          <div
            class="emotion-26"
          >
            <p
              class="emotion-25"
            >
              Daily
            </p>
          </div>
          <div
            class="emotion-26"
          >
            <p
              class="emotion-25"
            >
              Weekly
            </p>
          </div>
        </div>
      </div>
      <div
        class="emotion-32"
      >
        <button
          class="emotion-31"
          disabled=""
        >
          Save
        </button>
      </div>
    </div>
  </div>
</div>
`;
