// Jest Snapshot v1, https://goo.gl/fbAQLP

exports[`DraggableListItem should render correctly 1`] = `
.emotion-3 {
  box-sizing: border-box;
  margin: 0;
  min-width: 0;
  font-size: 16px;
}

@media screen and (min-width:40em) {
  .emotion-3 {
    font-size: 20px;
  }
}

.emotion-2 {
  box-sizing: border-box;
  margin: 0;
  min-width: 0;
  border-bottom-color: var(--theme-ui-colors-border,rgba(0,0,0,.1));
  border-bottom-width: 1px;
  border-bottom-style: solid;
  -webkit-transition: background-color .1s ease-in,box-shadow .1s ease-in;
  transition: background-color .1s ease-in,box-shadow .1s ease-in;
  -webkit-align-items: center;
  -webkit-box-align: center;
  -ms-flex-align: center;
  align-items: center;
  height: 48px;
  background-color: var(--theme-ui-colors-background,#F7F8FA);
  display: -webkit-box;
  display: -webkit-flex;
  display: -ms-flexbox;
  display: flex;
}

.emotion-1 {
  box-sizing: border-box;
  margin: 0;
  min-width: 0;
  cursor: move;
  padding-left: 16px;
  padding-right: 16px;
  padding-top: 8px;
  padding-bottom: 8px;
}

.emotion-0 {
  box-sizing: border-box;
  margin: 0;
  min-width: 0;
  max-width: 100%;
  height: auto;
  fill: var(--theme-ui-colors-icon,rgba(0,0,0,0.6));
  -webkit-flex-shrink: 0;
  -ms-flex-negative: 0;
  flex-shrink: 0;
  margin: 0;
  height: 24px;
  width: 24px;
}

<div>
  <div
    class="emotion-3"
  >
    <li
      draggable="false"
      style="will-change: transform; position: relative; list-style: none; z-index: 0; user-select: none;"
    >
      <div
        class="emotion-2"
      >
        <div
          class="emotion-1"
        >
          <div
            class="emotion-0"
          />
        </div>
      </div>
    </li>
  </div>
</div>
`;
