// Jest Snapshot v1, https://goo.gl/fbAQLP

exports[`PageStudentProgress should render correctly 1`] = `
@keyframes animation-0 {
  0% {
    background-color: rgba(165,165,165,0.05);
  }

  50% {
    background-color: rgba(165,165,165,0.1);
  }

  100% {
    background-color: rgba(165,165,165,0.05);
  }
}

@keyframes animation-0 {
  0% {
    background-color: rgba(165,165,165,0.05);
  }

  50% {
    background-color: rgba(165,165,165,0.1);
  }

  100% {
    background-color: rgba(165,165,165,0.05);
  }
}

@keyframes animation-0 {
  0% {
    background-color: rgba(165,165,165,0.05);
  }

  50% {
    background-color: rgba(165,165,165,0.1);
  }

  100% {
    background-color: rgba(165,165,165,0.05);
  }
}

.emotion-10 {
  box-sizing: border-box;
  margin: 0;
  min-width: 0;
  font-size: 16px;
}

@media screen and (min-width:40em) {
  .emotion-10 {
    font-size: 20px;
  }
}

.emotion-9 {
  box-sizing: border-box;
  margin: 0;
  min-width: 0;
  margin: 16px;
  max-width: 640px;
}

@media screen and (min-width:40em) {
  .emotion-9 {
    margin: auto;
  }
}

.emotion-2 {
  box-sizing: border-box;
  margin: 0;
  min-width: 0;
  margin-left: -8px;
  -webkit-align-items: center;
  -webkit-box-align: center;
  -ms-flex-align: center;
  align-items: center;
  display: -webkit-box;
  display: -webkit-flex;
  display: -ms-flexbox;
  display: flex;
}

.emotion-0 {
  box-sizing: border-box;
  margin: 0;
  min-width: 0;
  max-width: 100%;
  height: auto;
  margin: 16px;
  margin-right: 4px;
  fill: var(--theme-ui-colors-icon,rgba(0,0,0,0.6));
  -webkit-flex-shrink: 0;
  -ms-flex-negative: 0;
  flex-shrink: 0;
  width: 24px;
  height: 24px;
}

.emotion-1 {
  box-sizing: border-box;
  margin: 0;
  min-width: 0;
  color: rgba(0,0,0,0.88);
  font-size: 1.6rem;
  font-family: Open Sans,-apple-system,BlinkMacSystemFont,San Francisco,Roboto,Segoe UI,Helvetica Neue,sans-serif;
  font-weight: 400;
  line-height: 3rem;
  text-rendering: optimizeLegibility;
  --webkitFontSmoothing: antialiased;
  --mozOsxFontSmoothing: grayscale;
  margin-bottom: 0;
  color: var(--theme-ui-colors-textMediumEmphasis,rgba(0,0,0,0.60));
}

.emotion-3 {
  box-sizing: border-box;
  margin: 0;
  min-width: 0;
  margin-bottom: 8px;
  margin-top: 32px;
  border-radius: 8px;
  -webkit-animation: 1s ease-in-out 0s infinite animation-0;
  animation: 1s ease-in-out 0s infinite animation-0;
  width: 100%;
  height: 6rem;
}

.emotion-4 {
  box-sizing: border-box;
  margin: 0;
  min-width: 0;
  margin-bottom: 32px;
  border-radius: 8px;
  -webkit-animation: 1s ease-in-out 0s infinite animation-0;
  animation: 1s ease-in-out 0s infinite animation-0;
  width: 100%;
  height: 6rem;
}

.emotion-5 {
  box-sizing: border-box;
  margin: 0;
  min-width: 0;
  margin-bottom: 8px;
  border-radius: 8px;
  -webkit-animation: 1s ease-in-out 0s infinite animation-0;
  animation: 1s ease-in-out 0s infinite animation-0;
  width: 100%;
  height: 6rem;
}

<div>
  <div
    class="emotion-10"
  >
    <div
      class="emotion-9"
    >
      <a
        href="/dashboard/observe/students/details?id=asdfadsf"
        style="display: block;"
      >
        <div
          class="emotion-2"
        >
          <div
            class="emotion-0"
            height="icon"
            width="icon"
          />
          <p
            class="emotion-1"
          >
            Student Details
          </p>
        </div>
      </a>
      <div
        class="emotion-3"
      />
      <div
        class="emotion-4"
      />
      <div
        class="emotion-5"
      />
      <div
        class="emotion-5"
      />
      <div
        class="emotion-5"
      />
      <div
        class="emotion-5"
      />
    </div>
  </div>
</div>
`;
