// Jest Snapshot v1, https://goo.gl/fbAQLP

exports[`DateInput should render correctly 1`] = `
.emotion-6 {
  box-sizing: border-box;
  margin: 0;
  min-width: 0;
  font-size: 16px;
}

@media screen and (min-width:40em) {
  .emotion-6 {
    font-size: 20px;
  }
}

.emotion-5 {
  box-sizing: border-box;
  margin: 0;
  min-width: 0;
  display: -webkit-box;
  display: -webkit-flex;
  display: -ms-flexbox;
  display: flex;
}

.emotion-2 {
  box-sizing: border-box;
  margin: 0;
  min-width: 0;
  width: 100%;
  display: -webkit-box;
  display: -webkit-flex;
  display: -ms-flexbox;
  display: flex;
  color: var(--theme-ui-colors-textMediumEmphasis,rgba(0,0,0,0.60));
  font-family: Open Sans,-apple-system,BlinkMacSystemFont,San Francisco,Roboto,Segoe UI,Helvetica Neue,sans-serif;
  font-size: 14px;
  -webkit-user-select: none;
  -moz-user-select: none;
  -ms-user-select: none;
  user-select: none;
  color: var(--theme-ui-colors-textDisabled,rgba(0,0,0,0.38));
  display: -webkit-box;
  display: -webkit-flex;
  display: -ms-flexbox;
  display: flex;
  -webkit-flex-direction: column;
  -ms-flex-direction: column;
  flex-direction: column;
}

.emotion-1 {
  box-sizing: border-box;
  margin: 0;
  min-width: 0;
  -webkit-align-items: center;
  -webkit-box-align: center;
  -ms-flex-align: center;
  align-items: center;
  display: -webkit-box;
  display: -webkit-flex;
  display: -ms-flexbox;
  display: flex;
}

.emotion-0 {
  box-sizing: border-box;
  margin: 0;
  min-width: 0;
  display: block;
  width: 100%;
  padding: 8px;
  -webkit-appearance: none;
  -moz-appearance: none;
  appearance: none;
  font-size: inherit;
  line-height: inherit;
  border: 1px solid;
  border-radius: 4px;
  color: inherit;
  background-color: transparent;
  border-radius: 8px;
  font-family: Open Sans,-apple-system,BlinkMacSystemFont,San Francisco,Roboto,Segoe UI,Helvetica Neue,sans-serif;
  width: auto;
  border-color: var(--theme-ui-colors-border,rgba(0,0,0,.1));
  background-color: var(--theme-ui-colors-surface,#fff);
  font-size: 16px;
  padding: 12px;
  color: var(--theme-ui-colors-text,rgba(0,0,0,0.87));
  opacity: 1!important;
  width: 100%;
}

.emotion-0:hover,
.emotion-0:focus {
  border-color: var(--theme-ui-colors-primary,#00e399);
  outline: none;
}

.emotion-0::-webkit-input-placeholder {
  font-style: italic;
}

.emotion-0::-moz-placeholder {
  font-style: italic;
}

.emotion-0:-ms-input-placeholder {
  font-style: italic;
}

.emotion-0::placeholder {
  font-style: italic;
}

.emotion-0:disabled {
  opacity: 0.68;
  border-color: var(--theme-ui-colors-border,rgba(0,0,0,.1));
  color: var(--theme-ui-colors-textDisabled,rgba(0,0,0,0.38));
}

.emotion-4 {
  box-sizing: border-box;
  margin: 0;
  min-width: 0;
  -webkit-appearance: none;
  -moz-appearance: none;
  appearance: none;
  display: inline-block;
  text-align: center;
  line-height: inherit;
  -webkit-text-decoration: none;
  text-decoration: none;
  font-size: inherit;
  padding-left: 16px;
  padding-right: 16px;
  padding-top: 8px;
  padding-bottom: 8px;
  color: white;
  background-color: var(--theme-ui-colors-primary,#00e399);
  border: 0;
  border-radius: 4px;
  cursor: pointer;
  text-transform: capitalize;
  box-sizing: border-box;
  font-size: 14px;
  font-weight: bold;
  color: var(--theme-ui-colors-textPrimary,#027c5b);
  background-color: transparent;
  border-radius: 8px;
  font-family: Open Sans,-apple-system,BlinkMacSystemFont,San Francisco,Roboto,Segoe UI,Helvetica Neue,sans-serif;
  -webkit-transition: background-color 125ms cubic-bezier(0.0,0.0,0.2,1);
  transition: background-color 125ms cubic-bezier(0.0,0.0,0.2,1);
  padding-top: 8px;
  padding-bottom: 8px;
  padding-left: 16px;
  padding-right: 16px;
  white-space: nowrap;
  display: -webkit-box;
  display: -webkit-flex;
  display: -ms-flexbox;
  display: flex;
  -webkit-align-items: center;
  -webkit-box-align: center;
  -ms-flex-align: center;
  align-items: center;
  -webkit-box-pack: center;
  -webkit-justify-content: center;
  -ms-flex-pack: center;
  justify-content: center;
  border: 1px solid;
  border-color: var(--theme-ui-colors-border,rgba(0,0,0,.1));
  margin-top: 23px;
  margin-left: 16px;
  -webkit-flex-shrink: 0;
  -ms-flex-negative: 0;
  flex-shrink: 0;
}

.emotion-4:disabled {
  opacity: 0.38;
  cursor: auto;
}

.emotion-4:hover,
.emotion-4:focus {
  background-color: var(--theme-ui-colors-primaryLighter,rgba(0,120,86,0.12));
  border-color: var(--theme-ui-colors-primary,#00e399);
  outline: none;
}

.emotion-4:hover:disabled,
.emotion-4:focus:disabled {
  background-color: transparent;
  border-color: var(--theme-ui-colors-border,rgba(0,0,0,.1));
}

.emotion-3 {
  box-sizing: border-box;
  margin: 0;
  min-width: 0;
  max-width: 100%;
  height: auto;
  margin: 0;
  fill: var(--theme-ui-colors-icon,rgba(0,0,0,0.6));
  -webkit-flex-shrink: 0;
  -ms-flex-negative: 0;
  flex-shrink: 0;
  width: 20px;
  height: 20px;
}

<div>
  <div
    class="emotion-6"
  >
    <div
      class="emotion-5"
    >
      <label
        class="emotion-2"
      >
        <div
          class="emotion-1"
        >
          <input
            class="emotion-0"
            disabled=""
            placeholder="Not set"
            value=""
          />
        </div>
      </label>
      <button
        class="emotion-4"
      >
        <div
          class="emotion-3"
        />
      </button>
    </div>
  </div>
</div>
`;
