// Jest Snapshot v1, https://goo.gl/fbAQLP

exports[`PageSupport should render correctly 1`] = `
.emotion-15 {
  box-sizing: border-box;
  margin: 0;
  min-width: 0;
  font-size: 16px;
}

@media screen and (min-width:40em) {
  .emotion-15 {
    font-size: 20px;
  }
}

.emotion-14 {
  box-sizing: border-box;
  margin: 0;
  min-width: 0;
  margin-left: auto;
  margin-right: auto;
  max-width: 640px;
}

.emotion-0 {
  box-sizing: border-box;
  margin: 0;
  min-width: 0;
  font-family: Open Sans,-apple-system,BlinkMacSystemFont,San Francisco,Roboto,Segoe UI,Helvetica Neue,sans-serif;
  font-weight: bold;
  line-height: heading;
  color: var(--theme-ui-colors-text,#37383c);
  text-rendering: optimizeLegibility;
  font-size: 20px;
  margin-left: 16px;
  margin-right: 16px;
  margin-top: 32px;
  margin-bottom: 8px;
}

.emotion-13 {
  box-sizing: border-box;
  margin: 0;
  min-width: 0;
  overflow: auto;
  background-color: var(--theme-ui-colors-surface,#fff);
  border-radius: 6px;
  box-shadow: rgba(0,0,0,0.1) 0px 0px 1px,rgba(0,0,0,0.27) 0px 2px 4px -2px;
  border-radius: 0;
}

@media screen and (min-width:40em) {
  .emotion-13 {
    border-radius: 6px;
  }
}

.emotion-5 {
  box-sizing: border-box;
  margin: 0;
  min-width: 0;
  padding: 16px;
  display: -webkit-box;
  display: -webkit-flex;
  display: -ms-flexbox;
  display: flex;
  -webkit-align-items: center;
  -webkit-box-align: center;
  -ms-flex-align: center;
  align-items: center;
}

.emotion-3 {
  box-sizing: border-box;
  margin: 0;
  min-width: 0;
  margin-right: 16px;
}

.emotion-1 {
  box-sizing: border-box;
  margin: 0;
  min-width: 0;
  color: var(--theme-ui-colors-text,#37383c);
  font-size: 16px;
  text-rendering: optimizeLegibility;
  line-height: 1.5;
}

@media screen and (min-width:40em) {
  .emotion-1 {
    font-size: 14px;
  }
}

.emotion-2 {
  box-sizing: border-box;
  margin: 0;
  min-width: 0;
  color: var(--theme-ui-colors-text,#37383c);
  font-size: 16px;
  text-rendering: optimizeLegibility;
  line-height: 1.5;
  color: var(--theme-ui-colors-textMediumEmphasis,rgba(0,0,0,0.60));
}

@media screen and (min-width:40em) {
  .emotion-2 {
    font-size: 14px;
  }
}

.emotion-4 {
  box-sizing: border-box;
  margin: 0;
  min-width: 0;
  max-width: 100%;
  height: auto;
  margin-left: auto;
  fill: var(--theme-ui-colors-icon,rgba(0,0,0,0.6));
  -webkit-flex-shrink: 0;
  -ms-flex-negative: 0;
  flex-shrink: 0;
  width: 20px;
  height: 20px;
}

.emotion-12 {
  box-sizing: border-box;
  margin: 0;
  min-width: 0;
  margin: 16px;
  display: -webkit-box;
  display: -webkit-flex;
  display: -ms-flexbox;
  display: flex;
  -webkit-align-items: flex-start;
  -webkit-box-align: flex-start;
  -ms-flex-align: flex-start;
  align-items: flex-start;
}

.emotion-11 {
  margin-left: auto;
  -webkit-flex-shrink: 0;
  -ms-flex-negative: 0;
  flex-shrink: 0;
}

.emotion-10 {
  box-sizing: border-box;
  margin: 0;
  min-width: 0;
  -webkit-appearance: none;
  -moz-appearance: none;
  appearance: none;
  display: inline-block;
  text-align: center;
  line-height: inherit;
  -webkit-text-decoration: none;
  text-decoration: none;
  font-size: inherit;
  padding-left: 16px;
  padding-right: 16px;
  padding-top: 8px;
  padding-bottom: 8px;
  color: white;
  background-color: var(--theme-ui-colors-primary,#00e399);
  border: 0;
  border-radius: 4px;
  -webkit-user-select: none;
  -moz-user-select: none;
  -ms-user-select: none;
  user-select: none;
  cursor: pointer;
  box-sizing: border-box;
  font-size: 14px;
  color: var(--theme-ui-colors-textPrimary,#027c5b);
  background-color: var(--theme-ui-colors-surface,#fff);
  border-radius: 6px;
  font-family: Open Sans,-apple-system,BlinkMacSystemFont,San Francisco,Roboto,Segoe UI,Helvetica Neue,sans-serif;
  -webkit-transition: background-color 125ms cubic-bezier(0.0,0.0,0.2,1);
  transition: background-color 125ms cubic-bezier(0.0,0.0,0.2,1);
  padding-top: 8px;
  padding-bottom: 8px;
  padding-left: 16px;
  padding-right: 16px;
  white-space: nowrap;
  display: -webkit-box;
  display: -webkit-flex;
  display: -ms-flexbox;
  display: flex;
  -webkit-align-items: center;
  -webkit-box-align: center;
  -ms-flex-align: center;
  align-items: center;
  -webkit-box-pack: center;
  -webkit-justify-content: center;
  -ms-flex-pack: center;
  justify-content: center;
  touch-action: manipulation;
  box-shadow: none;
  border-color: var(--theme-ui-colors-border,rgba(0,0,0,.1));
  border-style: solid;
  border-width: 1px;
  line-height: 1;
  padding-left: 8px;
  padding-right: 8px;
  padding-top: 4px;
  padding-bottom: 4px;
}

.emotion-10:disabled {
  opacity: 0.38;
  cursor: auto;
}

.emotion-10:hover,
.emotion-10:focus {
  background-color: var(--theme-ui-colors-primaryLighter,rgba(0,120,86,0.12));
  border-color: var(--theme-ui-colors-primary,#00e399);
  outline: none;
}

.emotion-10:hover:disabled,
.emotion-10:focus:disabled {
  background-color: transparent;
  border-color: var(--theme-ui-colors-border,rgba(0,0,0,.1));
}

.emotion-9 {
  box-sizing: border-box;
  margin: 0;
  min-width: 0;
  max-width: 100%;
  height: auto;
  margin-top: 4px;
  margin-bottom: 4px;
  margin-left: auto;
  margin-right: 0;
  fill: var(--theme-ui-colors-icon,rgba(0,0,0,0.6));
  -webkit-flex-shrink: 0;
  -ms-flex-negative: 0;
  flex-shrink: 0;
  width: 20px;
  height: 20px;
}

<div>
  <div
    class="emotion-15"
  >
    <div
      class="emotion-14"
    >
      <h6
        class="emotion-0"
      >
        Help and Feedbacks
      </h6>
      <div
        class="emotion-13"
      >
        <a
          href="https://feedback.obserfy.com"
        >
          <div
            class="emotion-5"
          >
            <div
              class="emotion-3"
            >
              <p
                class="emotion-1"
              >
                Go to Canny
              </p>
              <p
                class="emotion-2"
              >
                Post and upvote suggestions, ideas, and issues.
              </p>
            </div>
            <div
              class="emotion-4"
            />
          </div>
        </a>
        <div
          class="emotion-12"
        >
          <div
            class="emotion-3"
          >
            <p
              class="emotion-1"
            >
              Shoot us an e-mail
            </p>
            <p
              class="emotion-2"
            >
              Have a question? Shoot us an email at chrsep@protonmail.com
            </p>
          </div>
          <a
            class="emotion-11"
            href="mailto:chrsep@protonmail.com"
          >
            <button
              class="emotion-10"
            >
              <div
                class="emotion-9"
              />
            </button>
          </a>
        </div>
      </div>
    </div>
  </div>
</div>
`;
